<html>
<body>
<pre>
<h1>µVision Build Log</h1>
<h2>Project:</h2>
E:\STUDY\COS-IIAPP\STM32+UCOS+Serial\USER\LED.uvproj
Project File Date:  09/06/2014

<h2>Output:</h2>
Build target 'LED'
compiling stm32f10x_it.c...
..\BSP\BSP.h(5): warning:  #1-D: last line of file ends without a newline
stm32f10x_it.c(143): warning:  #174-D: expression has no effect
stm32f10x_it.c(158): error:  #268: declaration may not appear after executable statement in block
stm32f10x_it.c(159): error:  #268: declaration may not appear after executable statement in block
stm32f10x_it.c(160): error:  #268: declaration may not appear after executable statement in block
Target not created
compiling stm32f10x_it.c...
..\BSP\BSP.h(5): warning:  #1-D: last line of file ends without a newline
stm32f10x_it.c(143): warning:  #174-D: expression has no effect
stm32f10x_it.c(158): error:  #268: declaration may not appear after executable statement in block
stm32f10x_it.c(159): error:  #268: declaration may not appear after executable statement in block
stm32f10x_it.c(160): error:  #268: declaration may not appear after executable statement in block
stm32f10x_it.c - 3 Error(s), 2 Warning(s).
compiling stm32f10x_it.c...
..\BSP\BSP.h(5): warning:  #1-D: last line of file ends without a newline
stm32f10x_it.c(143): warning:  #174-D: expression has no effect
stm32f10x_it.c - 0 Error(s), 2 Warning(s).
compiling stm32f10x_it.c...
..\BSP\BSP.h(5): warning:  #1-D: last line of file ends without a newline
stm32f10x_it.c(143): warning:  #174-D: expression has no effect
stm32f10x_it.c(159): error:  #268: declaration may not appear after executable statement in block
stm32f10x_it.c(160): error:  #268: declaration may not appear after executable statement in block
stm32f10x_it.c(161): error:  #268: declaration may not appear after executable statement in block
stm32f10x_it.c - 3 Error(s), 2 Warning(s).
compiling stm32f10x_it.c...
..\BSP\BSP.h(5): warning:  #1-D: last line of file ends without a newline
stm32f10x_it.c(144): warning:  #174-D: expression has no effect
stm32f10x_it.c(160): error:  #268: declaration may not appear after executable statement in block
stm32f10x_it.c(161): error:  #268: declaration may not appear after executable statement in block
stm32f10x_it.c(162): error:  #268: declaration may not appear after executable statement in block
stm32f10x_it.c - 3 Error(s), 2 Warning(s).
compiling stm32f10x_it.c...
..\BSP\BSP.h(5): warning:  #1-D: last line of file ends without a newline
stm32f10x_it.c(144): warning:  #174-D: expression has no effect
stm32f10x_it.c - 0 Error(s), 2 Warning(s).
compiling stm32f10x_it.c...
..\BSP\BSP.h(5): warning:  #1-D: last line of file ends without a newline
stm32f10x_it.c(144): warning:  #174-D: expression has no effect
stm32f10x_it.c - 0 Error(s), 2 Warning(s).
Rebuild target 'LED'
assembling startup_stm32f10x_hd.s...
compiling main.c...
..\BSP\BSP.h(5): warning:  #1-D: last line of file ends without a newline
compiling stm32f10x_it.c...
..\BSP\BSP.h(5): warning:  #1-D: last line of file ends without a newline
stm32f10x_it.c(144): warning:  #174-D: expression has no effect
compiling stm32f10x_gpio.c...
compiling stm32f10x_rcc.c...
compiling stm32f10x_usart.c...
compiling core_cm3.c...
compiling system_stm32f10x.c...
compiling BSP.c...
..\BSP\BSP.h(5): warning:  #1-D: last line of file ends without a newline
..\BSP\BSP.c(11): warning:  #223-D: function "LED_GPIO_Config" declared implicitly
compiling led.c...
compiling usart1.c...
compiling app.c...
..\BSP\BSP.h(5): warning:  #1-D: last line of file ends without a newline
..\APP\app.c(91): warning:  #167-D: argument of type "unsigned char *" is incompatible with parameter of type "const char *"
..\APP\app.c(96): warning:  #167-D: argument of type "unsigned char *" is incompatible with parameter of type "const char *"
..\APP\app.c(101): warning:  #167-D: argument of type "unsigned char *" is incompatible with parameter of type "const char *"
..\APP\app.c(110): warning:  #111-D: statement is unreachable
compiling os_core.c...
compiling os_flag.c...
compiling os_mbox.c...
compiling os_mem.c...
compiling os_mutex.c...
compiling os_q.c...
compiling os_sem.c...
compiling os_task.c...
compiling os_time.c...
compiling os_tmr.c...
compiling os_cpu_c.c...
compiling os_dbg.c...
assembling os_cpu_a.asm...
linking...
Program Size: Code=15948 RO-data=728 RW-data=160 ZI-data=6576  
FromELF: creating hex file...
"..\OUTput\led.axf" - 0 Error(s), 10 Warning(s).
Rebuild target 'LED'
assembling startup_stm32f10x_hd.s...
compiling main.c...
..\BSP\BSP.h(5): warning:  #1-D: last line of file ends without a newline
compiling stm32f10x_it.c...
..\BSP\BSP.h(5): warning:  #1-D: last line of file ends without a newline
stm32f10x_it.c(144): warning:  #174-D: expression has no effect
compiling stm32f10x_gpio.c...
compiling stm32f10x_rcc.c...
compiling stm32f10x_usart.c...
compiling core_cm3.c...
compiling system_stm32f10x.c...
compiling BSP.c...
..\BSP\BSP.h(5): warning:  #1-D: last line of file ends without a newline
..\BSP\BSP.c(11): warning:  #223-D: function "LED_GPIO_Config" declared implicitly
compiling led.c...
compiling usart1.c...
compiling app.c...
..\BSP\BSP.h(5): warning:  #1-D: last line of file ends without a newline
..\APP\app.c(91): warning:  #167-D: argument of type "unsigned char *" is incompatible with parameter of type "const char *"
..\APP\app.c(96): warning:  #167-D: argument of type "unsigned char *" is incompatible with parameter of type "const char *"
..\APP\app.c(101): warning:  #167-D: argument of type "unsigned char *" is incompatible with parameter of type "const char *"
..\APP\app.c(110): warning:  #111-D: statement is unreachable
compiling os_core.c...
compiling os_flag.c...
compiling os_mbox.c...
compiling os_mem.c...
compiling os_mutex.c...
compiling os_q.c...
compiling os_sem.c...
compiling os_task.c...
compiling os_time.c...
compiling os_tmr.c...
compiling os_cpu_c.c...
compiling os_dbg.c...
assembling os_cpu_a.asm...
linking...
Program Size: Code=15948 RO-data=728 RW-data=160 ZI-data=6576  
FromELF: creating hex file...
"..\OUTput\serial.axf" - 0 Error(s), 10 Warning(s).
Rebuild target 'LED'
assembling startup_stm32f10x_hd.s...
compiling main.c...
..\BSP\BSP.h(5): warning:  #1-D: last line of file ends without a newline
compiling stm32f10x_it.c...
..\BSP\BSP.h(5): warning:  #1-D: last line of file ends without a newline
stm32f10x_it.c(144): warning:  #174-D: expression has no effect
compiling stm32f10x_gpio.c...
compiling stm32f10x_rcc.c...
compiling stm32f10x_usart.c...
compiling core_cm3.c...
compiling system_stm32f10x.c...
compiling BSP.c...
..\BSP\BSP.h(5): warning:  #1-D: last line of file ends without a newline
..\BSP\BSP.c(11): warning:  #223-D: function "LED_GPIO_Config" declared implicitly
compiling led.c...
compiling usart1.c...
compiling app.c...
..\BSP\BSP.h(5): warning:  #1-D: last line of file ends without a newline
..\APP\app.c(91): warning:  #167-D: argument of type "unsigned char *" is incompatible with parameter of type "const char *"
..\APP\app.c(96): warning:  #167-D: argument of type "unsigned char *" is incompatible with parameter of type "const char *"
..\APP\app.c(101): warning:  #167-D: argument of type "unsigned char *" is incompatible with parameter of type "const char *"
..\APP\app.c(110): warning:  #111-D: statement is unreachable
compiling os_core.c...
compiling os_flag.c...
compiling os_mbox.c...
compiling os_mem.c...
compiling os_mutex.c...
compiling os_q.c...
compiling os_sem.c...
compiling os_task.c...
compiling os_time.c...
compiling os_tmr.c...
compiling os_cpu_c.c...
compiling os_dbg.c...
assembling os_cpu_a.asm...
linking...
Program Size: Code=15960 RO-data=728 RW-data=160 ZI-data=6576  
FromELF: creating hex file...
"..\OUTput\serial.axf" - 0 Error(s), 10 Warning(s).
compiling app.c...
..\BSP\BSP.h(5): warning:  #1-D: last line of file ends without a newline
..\APP\app.c(23): error:  #20: identifier "Task_Com" is undefined
..\APP\app.c(24): error:  #20: identifier "TASK_Com_PRIO" is undefined
..\APP\app.c(95): warning:  #167-D: argument of type "unsigned char *" is incompatible with parameter of type "const char *"
..\APP\app.c(100): warning:  #167-D: argument of type "unsigned char *" is incompatible with parameter of type "const char *"
..\APP\app.c(105): warning:  #167-D: argument of type "unsigned char *" is incompatible with parameter of type "const char *"
..\APP\app.c(114): warning:  #111-D: statement is unreachable
..\APP\app.c - 2 Error(s), 5 Warning(s).
compiling app.c...
..\BSP\BSP.h(5): warning:  #1-D: last line of file ends without a newline
..\APP\app.c(23): error:  #20: identifier "Task_Com" is undefined
..\APP\app.c(95): warning:  #167-D: argument of type "unsigned char *" is incompatible with parameter of type "const char *"
..\APP\app.c(100): warning:  #167-D: argument of type "unsigned char *" is incompatible with parameter of type "const char *"
..\APP\app.c(105): warning:  #167-D: argument of type "unsigned char *" is incompatible with parameter of type "const char *"
..\APP\app.c(114): warning:  #111-D: statement is unreachable
..\APP\app.c - 1 Error(s), 5 Warning(s).
compiling app.c...
..\BSP\BSP.h(5): warning:  #1-D: last line of file ends without a newline
..\APP\app.c(23): error:  #20: identifier "Task_Com" is undefined
..\APP\app.c(95): warning:  #167-D: argument of type "unsigned char *" is incompatible with parameter of type "const char *"
..\APP\app.c(100): warning:  #167-D: argument of type "unsigned char *" is incompatible with parameter of type "const char *"
..\APP\app.c(105): warning:  #167-D: argument of type "unsigned char *" is incompatible with parameter of type "const char *"
..\APP\app.c(114): warning:  #111-D: statement is unreachable
..\APP\app.c - 1 Error(s), 5 Warning(s).
Build target 'LED'
compiling main.c...
..\BSP\BSP.h(5): warning:  #1-D: last line of file ends without a newline
compiling stm32f10x_it.c...
..\BSP\BSP.h(5): warning:  #1-D: last line of file ends without a newline
stm32f10x_it.c(144): warning:  #174-D: expression has no effect
compiling BSP.c...
..\BSP\BSP.h(5): warning:  #1-D: last line of file ends without a newline
..\BSP\BSP.c(11): warning:  #223-D: function "LED_GPIO_Config" declared implicitly
compiling app.c...
..\BSP\BSP.h(5): warning:  #1-D: last line of file ends without a newline
..\APP\app.c(23): error:  #20: identifier "Task_Com" is undefined
..\APP\app.c(95): warning:  #167-D: argument of type "unsigned char *" is incompatible with parameter of type "const char *"
..\APP\app.c(100): warning:  #167-D: argument of type "unsigned char *" is incompatible with parameter of type "const char *"
..\APP\app.c(105): warning:  #167-D: argument of type "unsigned char *" is incompatible with parameter of type "const char *"
..\APP\app.c(114): warning:  #111-D: statement is unreachable
compiling os_core.c...
compiling os_flag.c...
compiling os_mbox.c...
compiling os_mem.c...
compiling os_mutex.c...
compiling os_q.c...
compiling os_sem.c...
compiling os_task.c...
compiling os_time.c...
compiling os_tmr.c...
compiling os_cpu_c.c...
compiling os_dbg.c...
Target not created
compiling app.c...
..\BSP\BSP.h(5): warning:  #1-D: last line of file ends without a newline
..\APP\app.c(23): error:  #20: identifier "Task_Com" is undefined
..\APP\app.c(95): warning:  #167-D: argument of type "unsigned char *" is incompatible with parameter of type "const char *"
..\APP\app.c(100): warning:  #167-D: argument of type "unsigned char *" is incompatible with parameter of type "const char *"
..\APP\app.c(105): warning:  #167-D: argument of type "unsigned char *" is incompatible with parameter of type "const char *"
..\APP\app.c(114): warning:  #111-D: statement is unreachable
..\APP\app.c - 1 Error(s), 5 Warning(s).
compiling app.c...
..\BSP\BSP.h(5): warning:  #1-D: last line of file ends without a newline
..\APP\app.c(95): warning:  #167-D: argument of type "unsigned char *" is incompatible with parameter of type "const char *"
..\APP\app.c(100): warning:  #167-D: argument of type "unsigned char *" is incompatible with parameter of type "const char *"
..\APP\app.c(105): warning:  #167-D: argument of type "unsigned char *" is incompatible with parameter of type "const char *"
..\APP\app.c(114): warning:  #111-D: statement is unreachable
..\APP\app.c - 0 Error(s), 5 Warning(s).
Build target 'LED'
compiling main.c...
..\BSP\BSP.h(5): warning:  #1-D: last line of file ends without a newline
compiling stm32f10x_it.c...
..\BSP\BSP.h(5): warning:  #1-D: last line of file ends without a newline
stm32f10x_it.c(144): warning:  #174-D: expression has no effect
compiling BSP.c...
..\BSP\BSP.h(5): warning:  #1-D: last line of file ends without a newline
..\BSP\BSP.c(11): warning:  #223-D: function "LED_GPIO_Config" declared implicitly
linking...
Program Size: Code=16028 RO-data=728 RW-data=160 ZI-data=6896  
FromELF: creating hex file...
"..\OUTput\serial.axf" - 0 Error(s), 5 Warning(s).
Rebuild target 'LED'
assembling startup_stm32f10x_hd.s...
compiling main.c...
..\BSP\BSP.h(5): warning:  #1-D: last line of file ends without a newline
compiling stm32f10x_it.c...
..\BSP\BSP.h(5): warning:  #1-D: last line of file ends without a newline
stm32f10x_it.c(144): warning:  #174-D: expression has no effect
compiling stm32f10x_gpio.c...
compiling stm32f10x_rcc.c...
compiling stm32f10x_usart.c...
compiling core_cm3.c...
compiling system_stm32f10x.c...
compiling BSP.c...
..\BSP\BSP.h(5): warning:  #1-D: last line of file ends without a newline
..\BSP\BSP.c(11): warning:  #223-D: function "LED_GPIO_Config" declared implicitly
compiling led.c...
compiling usart1.c...
compiling app.c...
..\BSP\BSP.h(5): warning:  #1-D: last line of file ends without a newline
..\APP\app.c(95): warning:  #167-D: argument of type "unsigned char *" is incompatible with parameter of type "const char *"
..\APP\app.c(100): warning:  #167-D: argument of type "unsigned char *" is incompatible with parameter of type "const char *"
..\APP\app.c(105): warning:  #167-D: argument of type "unsigned char *" is incompatible with parameter of type "const char *"
..\APP\app.c(114): warning:  #111-D: statement is unreachable
compiling os_core.c...
compiling os_flag.c...
compiling os_mbox.c...
compiling os_mem.c...
compiling os_mutex.c...
compiling os_q.c...
compiling os_sem.c...
compiling os_task.c...
compiling os_time.c...
compiling os_tmr.c...
compiling os_cpu_c.c...
compiling os_dbg.c...
assembling os_cpu_a.asm...
linking...
Program Size: Code=16028 RO-data=728 RW-data=160 ZI-data=6896  
FromELF: creating hex file...
"..\OUTput\serial.axf" - 0 Error(s), 10 Warning(s).
Rebuild target 'LED'
assembling startup_stm32f10x_hd.s...
compiling main.c...
..\BSP\BSP.h(5): warning:  #1-D: last line of file ends without a newline
compiling stm32f10x_it.c...
..\BSP\BSP.h(5): warning:  #1-D: last line of file ends without a newline
stm32f10x_it.c(144): warning:  #174-D: expression has no effect
compiling stm32f10x_gpio.c...
compiling stm32f10x_rcc.c...
compiling stm32f10x_usart.c...
compiling core_cm3.c...
compiling system_stm32f10x.c...
compiling BSP.c...
..\BSP\BSP.h(5): warning:  #1-D: last line of file ends without a newline
..\BSP\BSP.c(11): warning:  #223-D: function "LED_GPIO_Config" declared implicitly
compiling led.c...
compiling usart1.c...
compiling app.c...
..\BSP\BSP.h(5): warning:  #1-D: last line of file ends without a newline
..\APP\app.c(95): warning:  #167-D: argument of type "unsigned char *" is incompatible with parameter of type "const char *"
..\APP\app.c(100): warning:  #167-D: argument of type "unsigned char *" is incompatible with parameter of type "const char *"
..\APP\app.c(105): warning:  #167-D: argument of type "unsigned char *" is incompatible with parameter of type "const char *"
..\APP\app.c(114): warning:  #111-D: statement is unreachable
compiling os_core.c...
compiling os_flag.c...
compiling os_mbox.c...
compiling os_mem.c...
compiling os_mutex.c...
compiling os_q.c...
compiling os_sem.c...
compiling os_task.c...
compiling os_time.c...
compiling os_tmr.c...
compiling os_cpu_c.c...
compiling os_dbg.c...
assembling os_cpu_a.asm...
linking...
Program Size: Code=16028 RO-data=728 RW-data=160 ZI-data=6896  
FromELF: creating hex file...
"..\OUTput\serial.axf" - 0 Error(s), 10 Warning(s).
Rebuild target 'LED'
assembling startup_stm32f10x_hd.s...
compiling main.c...
..\BSP\BSP.h(5): warning:  #1-D: last line of file ends without a newline
compiling stm32f10x_it.c...
..\BSP\BSP.h(5): warning:  #1-D: last line of file ends without a newline
stm32f10x_it.c(144): warning:  #174-D: expression has no effect
compiling stm32f10x_gpio.c...
compiling stm32f10x_rcc.c...
compiling stm32f10x_usart.c...
compiling core_cm3.c...
compiling system_stm32f10x.c...
compiling BSP.c...
..\BSP\BSP.h(5): warning:  #1-D: last line of file ends without a newline
..\BSP\BSP.c(11): warning:  #223-D: function "LED_GPIO_Config" declared implicitly
compiling led.c...
compiling usart1.c...
compiling app.c...
..\BSP\BSP.h(5): warning:  #1-D: last line of file ends without a newline
..\APP\app.c(95): warning:  #167-D: argument of type "unsigned char *" is incompatible with parameter of type "const char *"
..\APP\app.c(100): warning:  #167-D: argument of type "unsigned char *" is incompatible with parameter of type "const char *"
..\APP\app.c(105): warning:  #167-D: argument of type "unsigned char *" is incompatible with parameter of type "const char *"
..\APP\app.c(114): warning:  #111-D: statement is unreachable
compiling os_core.c...
compiling os_flag.c...
compiling os_mbox.c...
compiling os_mem.c...
compiling os_mutex.c...
compiling os_q.c...
compiling os_sem.c...
compiling os_task.c...
compiling os_time.c...
compiling os_tmr.c...
compiling os_cpu_c.c...
compiling os_dbg.c...
assembling os_cpu_a.asm...
linking...
Program Size: Code=16020 RO-data=728 RW-data=160 ZI-data=6896  
FromELF: creating hex file...
"..\OUTput\serial.axf" - 0 Error(s), 10 Warning(s).
Rebuild target 'LED'
assembling startup_stm32f10x_hd.s...
compiling main.c...
..\BSP\BSP.h(5): warning:  #1-D: last line of file ends without a newline
compiling stm32f10x_it.c...
..\BSP\BSP.h(5): warning:  #1-D: last line of file ends without a newline
stm32f10x_it.c(144): warning:  #174-D: expression has no effect
compiling stm32f10x_gpio.c...
compiling stm32f10x_rcc.c...
compiling stm32f10x_usart.c...
compiling core_cm3.c...
compiling system_stm32f10x.c...
compiling BSP.c...
..\BSP\BSP.h(5): warning:  #1-D: last line of file ends without a newline
..\BSP\BSP.c(11): warning:  #223-D: function "LED_GPIO_Config" declared implicitly
compiling led.c...
compiling usart1.c...
compiling app.c...
..\BSP\BSP.h(5): warning:  #1-D: last line of file ends without a newline
..\APP\app.c(95): warning:  #167-D: argument of type "unsigned char *" is incompatible with parameter of type "const char *"
..\APP\app.c(100): warning:  #167-D: argument of type "unsigned char *" is incompatible with parameter of type "const char *"
..\APP\app.c(105): warning:  #167-D: argument of type "unsigned char *" is incompatible with parameter of type "const char *"
..\APP\app.c(114): warning:  #111-D: statement is unreachable
compiling os_core.c...
compiling os_flag.c...
compiling os_mbox.c...
compiling os_mem.c...
compiling os_mutex.c...
compiling os_q.c...
compiling os_sem.c...
compiling os_task.c...
compiling os_time.c...
compiling os_tmr.c...
compiling os_cpu_c.c...
compiling os_dbg.c...
assembling os_cpu_a.asm...
linking...
Program Size: Code=16032 RO-data=728 RW-data=160 ZI-data=6896  
FromELF: creating hex file...
"..\OUTput\serial.axf" - 0 Error(s), 10 Warning(s).
Rebuild target 'LED'
assembling startup_stm32f10x_hd.s...
compiling main.c...
..\BSP\BSP.h(5): warning:  #1-D: last line of file ends without a newline
compiling stm32f10x_it.c...
..\BSP\BSP.h(5): warning:  #1-D: last line of file ends without a newline
stm32f10x_it.c(144): warning:  #174-D: expression has no effect
compiling stm32f10x_gpio.c...
compiling stm32f10x_rcc.c...
compiling stm32f10x_usart.c...
compiling core_cm3.c...
compiling system_stm32f10x.c...
compiling BSP.c...
..\BSP\BSP.h(5): warning:  #1-D: last line of file ends without a newline
..\BSP\BSP.c(11): warning:  #223-D: function "LED_GPIO_Config" declared implicitly
compiling led.c...
compiling usart1.c...
compiling app.c...
..\BSP\BSP.h(5): warning:  #1-D: last line of file ends without a newline
..\APP\app.c(95): warning:  #167-D: argument of type "unsigned char *" is incompatible with parameter of type "const char *"
..\APP\app.c(100): warning:  #167-D: argument of type "unsigned char *" is incompatible with parameter of type "const char *"
..\APP\app.c(105): warning:  #167-D: argument of type "unsigned char *" is incompatible with parameter of type "const char *"
..\APP\app.c(114): warning:  #111-D: statement is unreachable
compiling os_core.c...
compiling os_flag.c...
compiling os_mbox.c...
compiling os_mem.c...
compiling os_mutex.c...
compiling os_q.c...
compiling os_sem.c...
compiling os_task.c...
compiling os_time.c...
compiling os_tmr.c...
compiling os_cpu_c.c...
compiling os_dbg.c...
assembling os_cpu_a.asm...
linking...
Program Size: Code=16020 RO-data=728 RW-data=160 ZI-data=6896  
FromELF: creating hex file...
"..\OUTput\serial.axf" - 0 Error(s), 10 Warning(s).
Rebuild target 'LED'
assembling startup_stm32f10x_hd.s...
compiling main.c...
..\BSP\BSP.h(5): warning:  #1-D: last line of file ends without a newline
compiling stm32f10x_it.c...
..\BSP\BSP.h(5): warning:  #1-D: last line of file ends without a newline
stm32f10x_it.c(144): warning:  #174-D: expression has no effect
compiling stm32f10x_gpio.c...
compiling stm32f10x_rcc.c...
compiling stm32f10x_usart.c...
compiling core_cm3.c...
compiling system_stm32f10x.c...
compiling BSP.c...
..\BSP\BSP.h(5): warning:  #1-D: last line of file ends without a newline
..\BSP\BSP.c(11): warning:  #223-D: function "LED_GPIO_Config" declared implicitly
compiling led.c...
compiling usart1.c...
compiling app.c...
..\BSP\BSP.h(5): warning:  #1-D: last line of file ends without a newline
..\APP\app.c(95): warning:  #167-D: argument of type "unsigned char *" is incompatible with parameter of type "const char *"
..\APP\app.c(100): warning:  #167-D: argument of type "unsigned char *" is incompatible with parameter of type "const char *"
..\APP\app.c(105): warning:  #167-D: argument of type "unsigned char *" is incompatible with parameter of type "const char *"
..\APP\app.c(114): warning:  #111-D: statement is unreachable
compiling os_core.c...
compiling os_flag.c...
compiling os_mbox.c...
compiling os_mem.c...
compiling os_mutex.c...
compiling os_q.c...
compiling os_sem.c...
compiling os_task.c...
compiling os_time.c...
compiling os_tmr.c...
compiling os_cpu_c.c...
compiling os_dbg.c...
assembling os_cpu_a.asm...
linking...
Program Size: Code=16040 RO-data=728 RW-data=160 ZI-data=6896  
FromELF: creating hex file...
"..\OUTput\serial.axf" - 0 Error(s), 10 Warning(s).
compiling usart1.c...
..\BSP\usart1.c(12): error:  #130: expected a "{"
..\BSP\usart1.c(47): error:  #247: function "NVIC_Configuration" has already been defined
..\BSP\usart1.c(50): error:  #20: identifier "USART1_IRQChannel" is undefined
..\BSP\usart1.c - 3 Error(s), 0 Warning(s).
compiling usart1.c...
..\BSP\usart1.c(12): error:  #130: expected a "{"
..\BSP\usart1.c(47): error:  #247: function "NVIC_Configuration" has already been defined
..\BSP\usart1.c(50): error:  #20: identifier "USART1_IRQChannen" is undefined
..\BSP\usart1.c - 3 Error(s), 0 Warning(s).
compiling usart1.c...
..\BSP\usart1.c(12): error:  #130: expected a "{"
..\BSP\usart1.c(47): error:  #247: function "NVIC_Configuration" has already been defined
..\BSP\usart1.c(50): error:  #20: identifier "USART1_IRQChanneN" is undefined
..\BSP\usart1.c - 3 Error(s), 0 Warning(s).
compiling usart1.c...
..\BSP\usart1.c(12): error:  #130: expected a "{"
..\BSP\usart1.c(47): error:  #247: function "NVIC_Configuration" has already been defined
..\BSP\usart1.c(50): error:  #20: identifier "USART1_IRQChannel" is undefined
..\BSP\usart1.c - 3 Error(s), 0 Warning(s).
compiling usart1.c...
..\BSP\usart1.c(12): error:  #130: expected a "{"
..\BSP\usart1.c(47): error:  #247: function "NVIC_Configuration" has already been defined
..\BSP\usart1.c(50): error:  #20: identifier "USART1_IRQChannen" is undefined
..\BSP\usart1.c - 3 Error(s), 0 Warning(s).
compiling usart1.c...
..\BSP\usart1.c(12): error:  #130: expected a "{"
..\BSP\usart1.c(47): error:  #247: function "NVIC_Configuration" has already been defined
..\BSP\usart1.c(50): error:  #20: identifier "USART1_IRQChanne1" is undefined
..\BSP\usart1.c - 3 Error(s), 0 Warning(s).
compiling usart1.c...
..\BSP\usart1.c(12): error:  #130: expected a "{"
..\BSP\usart1.c(47): error:  #247: function "NVIC_Configuration" has already been defined
..\BSP\usart1.c(50): error:  #20: identifier "USART1_IRQChanne1" is undefined
..\BSP\usart1.c - 3 Error(s), 0 Warning(s).
compiling usart1.c...
..\BSP\usart1.c(12): error:  #130: expected a "{"
..\BSP\usart1.c(47): error:  #247: function "NVIC_Configuration" has already been defined
..\BSP\usart1.c - 2 Error(s), 0 Warning(s).
compiling BSP.c...
..\BSP\BSP.h(5): warning:  #1-D: last line of file ends without a newline
..\BSP\BSP.c(8): error:  #130: expected a "{"
..\BSP\BSP.c(11): warning:  #223-D: function "LED_GPIO_Config" declared implicitly
..\BSP\BSP.c - 1 Error(s), 2 Warning(s).
compiling BSP.c...
..\BSP\BSP.h(5): warning:  #1-D: last line of file ends without a newline
..\BSP\BSP.c(8): error:  #130: expected a "{"
..\BSP\BSP.c(12): warning:  #223-D: function "LED_GPIO_Config" declared implicitly
..\BSP\BSP.c - 1 Error(s), 2 Warning(s).
compiling BSP.c...
..\BSP\BSP.h(5): warning:  #1-D: last line of file ends without a newline
..\BSP\BSP.c(8): error:  #130: expected a "{"
..\BSP\BSP.c(12): warning:  #223-D: function "LED_GPIO_Config" declared implicitly
..\BSP\BSP.c - 1 Error(s), 2 Warning(s).
compiling usart1.c...
..\BSP\usart1.c(12): error:  #130: expected a "{"
..\BSP\usart1.c(48): error:  #247: function "NVIC_Configuration" has already been defined
..\BSP\usart1.c - 2 Error(s), 0 Warning(s).
compiling usart1.c...
..\BSP\usart1.c(12): error:  #130: expected a "{"
..\BSP\usart1.c(48): error:  #247: function "NVIC_Configuration" has already been defined
..\BSP\usart1.c - 2 Error(s), 0 Warning(s).
compiling usart1.c...
..\BSP\usart1.c(12): error:  #130: expected a "{"
..\BSP\usart1.c(48): error:  #247: function "NVIC_Configuration" has already been defined
..\BSP\usart1.c - 2 Error(s), 0 Warning(s).
compiling usart1.c...
..\BSP\usart1.c - 0 Error(s), 0 Warning(s).
compiling BSP.c...
..\BSP\BSP.h(5): warning:  #1-D: last line of file ends without a newline
..\BSP\BSP.c(12): warning:  #223-D: function "LED_GPIO_Config" declared implicitly
..\BSP\BSP.c - 0 Error(s), 2 Warning(s).
Rebuild target 'LED'
assembling startup_stm32f10x_hd.s...
compiling main.c...
..\BSP\BSP.h(5): warning:  #1-D: last line of file ends without a newline
compiling stm32f10x_it.c...
..\BSP\BSP.h(5): warning:  #1-D: last line of file ends without a newline
stm32f10x_it.c(144): warning:  #174-D: expression has no effect
compiling stm32f10x_gpio.c...
compiling stm32f10x_rcc.c...
compiling stm32f10x_usart.c...
compiling core_cm3.c...
compiling system_stm32f10x.c...
compiling BSP.c...
..\BSP\BSP.h(5): warning:  #1-D: last line of file ends without a newline
..\BSP\BSP.c(12): warning:  #223-D: function "LED_GPIO_Config" declared implicitly
compiling led.c...
compiling usart1.c...
compiling app.c...
..\BSP\BSP.h(5): warning:  #1-D: last line of file ends without a newline
..\APP\app.c(95): warning:  #167-D: argument of type "unsigned char *" is incompatible with parameter of type "const char *"
..\APP\app.c(100): warning:  #167-D: argument of type "unsigned char *" is incompatible with parameter of type "const char *"
..\APP\app.c(105): warning:  #167-D: argument of type "unsigned char *" is incompatible with parameter of type "const char *"
..\APP\app.c(114): warning:  #111-D: statement is unreachable
compiling os_core.c...
compiling os_flag.c...
compiling os_mbox.c...
compiling os_mem.c...
compiling os_mutex.c...
compiling os_q.c...
compiling os_sem.c...
compiling os_task.c...
compiling os_time.c...
compiling os_tmr.c...
compiling os_cpu_c.c...
compiling os_dbg.c...
assembling os_cpu_a.asm...
linking...
..\OUTput\serial.axf: Error: L6218E: Undefined symbol NVIC_Init (referred from usart1.o).
Target not created
compiling main.c...
..\BSP\BSP.h(5): warning:  #1-D: last line of file ends without a newline
main.c - 0 Error(s), 1 Warning(s).
compiling stm32f10x_it.c...
..\BSP\BSP.h(5): warning:  #1-D: last line of file ends without a newline
stm32f10x_it.c(144): warning:  #174-D: expression has no effect
stm32f10x_it.c - 0 Error(s), 2 Warning(s).
compiling usart1.c...
..\BSP\usart1.c - 0 Error(s), 0 Warning(s).
Build target 'LED'
linking...
..\OUTput\serial.axf: Error: L6218E: Undefined symbol NVIC_Init (referred from usart1.o).
Target not created
compiling usart1.c...
..\BSP\usart1.c - 0 Error(s), 0 Warning(s).
Build target 'LED'
compiling main.c...
..\BSP\BSP.h(5): warning:  #1-D: last line of file ends without a newline
compiling stm32f10x_it.c...
..\BSP\BSP.h(5): warning:  #1-D: last line of file ends without a newline
stm32f10x_it.c(144): warning:  #174-D: expression has no effect
compiling BSP.c...
..\BSP\BSP.h(5): warning:  #1-D: last line of file ends without a newline
..\BSP\BSP.c(12): warning:  #223-D: function "LED_GPIO_Config" declared implicitly
compiling app.c...
..\BSP\BSP.h(5): warning:  #1-D: last line of file ends without a newline
..\APP\app.c(95): warning:  #167-D: argument of type "unsigned char *" is incompatible with parameter of type "const char *"
..\APP\app.c(100): warning:  #167-D: argument of type "unsigned char *" is incompatible with parameter of type "const char *"
..\APP\app.c(105): warning:  #167-D: argument of type "unsigned char *" is incompatible with parameter of type "const char *"
..\APP\app.c(114): warning:  #111-D: statement is unreachable
linking...
..\OUTput\serial.axf: Error: L6218E: Undefined symbol NVIC_Init (referred from usart1.o).
Target not created
compiling BSP.c...
..\BSP\BSP.h(5): warning:  #1-D: last line of file ends without a newline
..\BSP\BSP.c(12): warning:  #223-D: function "LED_GPIO_Config" declared implicitly
..\BSP\BSP.c - 0 Error(s), 2 Warning(s).
compiling usart1.c...
..\BSP\usart1.c - 0 Error(s), 0 Warning(s).
compiling BSP.c...
..\BSP\BSP.h(6): warning:  #1-D: last line of file ends without a newline
..\BSP\BSP.c(12): warning:  #223-D: function "LED_GPIO_Config" declared implicitly
..\BSP\BSP.c(39): warning:  #1-D: last line of file ends without a newline
..\BSP\BSP.c - 0 Error(s), 3 Warning(s).
Build target 'LED'
compiling main.c...
..\BSP\BSP.h(6): warning:  #1-D: last line of file ends without a newline
compiling stm32f10x_it.c...
..\BSP\BSP.h(6): warning:  #1-D: last line of file ends without a newline
stm32f10x_it.c(144): warning:  #174-D: expression has no effect
compiling usart1.c...
compiling app.c...
..\BSP\BSP.h(6): warning:  #1-D: last line of file ends without a newline
..\APP\app.c(95): warning:  #167-D: argument of type "unsigned char *" is incompatible with parameter of type "const char *"
..\APP\app.c(100): warning:  #167-D: argument of type "unsigned char *" is incompatible with parameter of type "const char *"
..\APP\app.c(105): warning:  #167-D: argument of type "unsigned char *" is incompatible with parameter of type "const char *"
..\APP\app.c(114): warning:  #111-D: statement is unreachable
linking...
..\OUTput\serial.axf: Error: L6218E: Undefined symbol NVIC_Init (referred from bsp.o).
Target not created
Build target 'LED'
compiling main.c...
..\BSP\BSP.h(6): warning:  #1-D: last line of file ends without a newline
compiling stm32f10x_it.c...
..\BSP\BSP.h(6): warning:  #1-D: last line of file ends without a newline
stm32f10x_it.c(144): warning:  #174-D: expression has no effect
compiling BSP.c...
..\BSP\BSP.h(6): warning:  #1-D: last line of file ends without a newline
..\BSP\BSP.c(12): warning:  #223-D: function "LED_GPIO_Config" declared implicitly
..\BSP\BSP.c(39): warning:  #1-D: last line of file ends without a newline
compiling app.c...
..\BSP\BSP.h(6): warning:  #1-D: last line of file ends without a newline
..\APP\app.c(95): warning:  #167-D: argument of type "unsigned char *" is incompatible with parameter of type "const char *"
..\APP\app.c(100): warning:  #167-D: argument of type "unsigned char *" is incompatible with parameter of type "const char *"
..\APP\app.c(105): warning:  #167-D: argument of type "unsigned char *" is incompatible with parameter of type "const char *"
..\APP\app.c(114): warning:  #111-D: statement is unreachable
linking...
..\OUTput\serial.axf: Error: L6218E: Undefined symbol NVIC_Init (referred from bsp.o).
Target not created
compiling usart1.c...
..\BSP\usart1.c - 0 Error(s), 0 Warning(s).
Build target 'LED'
linking...
..\OUTput\serial.axf: Error: L6218E: Undefined symbol NVIC_Init (referred from bsp.o).
Target not created
Build target 'LED'
compiling misc.c...
linking...
Program Size: Code=16296 RO-data=728 RW-data=160 ZI-data=6896  
FromELF: creating hex file...
"..\OUTput\serial.axf" - 0 Error(s), 0 Warning(s).
Rebuild target 'LED'
assembling startup_stm32f10x_hd.s...
compiling main.c...
..\BSP\BSP.h(6): warning:  #1-D: last line of file ends without a newline
compiling stm32f10x_it.c...
..\BSP\BSP.h(6): warning:  #1-D: last line of file ends without a newline
stm32f10x_it.c(144): warning:  #174-D: expression has no effect
compiling stm32f10x_gpio.c...
compiling stm32f10x_rcc.c...
compiling stm32f10x_usart.c...
compiling misc.c...
compiling core_cm3.c...
compiling system_stm32f10x.c...
compiling BSP.c...
..\BSP\BSP.h(6): warning:  #1-D: last line of file ends without a newline
..\BSP\BSP.c(12): warning:  #223-D: function "LED_GPIO_Config" declared implicitly
..\BSP\BSP.c(39): warning:  #1-D: last line of file ends without a newline
compiling led.c...
compiling usart1.c...
compiling app.c...
..\BSP\BSP.h(6): warning:  #1-D: last line of file ends without a newline
..\APP\app.c(95): warning:  #167-D: argument of type "unsigned char *" is incompatible with parameter of type "const char *"
..\APP\app.c(100): warning:  #167-D: argument of type "unsigned char *" is incompatible with parameter of type "const char *"
..\APP\app.c(105): warning:  #167-D: argument of type "unsigned char *" is incompatible with parameter of type "const char *"
compiling os_core.c...
compiling os_flag.c...
compiling os_mbox.c...
compiling os_mem.c...
compiling os_mutex.c...
compiling os_q.c...
compiling os_sem.c...
compiling os_task.c...
compiling os_time.c...
compiling os_tmr.c...
compiling os_cpu_c.c...
compiling os_dbg.c...
assembling os_cpu_a.asm...
linking...
Program Size: Code=16208 RO-data=728 RW-data=160 ZI-data=6896  
FromELF: creating hex file...
"..\OUTput\serial.axf" - 0 Error(s), 10 Warning(s).
Rebuild target 'LED'
assembling startup_stm32f10x_hd.s...
compiling main.c...
..\BSP\BSP.h(6): warning:  #1-D: last line of file ends without a newline
compiling stm32f10x_it.c...
..\BSP\BSP.h(6): warning:  #1-D: last line of file ends without a newline
stm32f10x_it.c(144): warning:  #174-D: expression has no effect
compiling stm32f10x_gpio.c...
compiling stm32f10x_rcc.c...
compiling stm32f10x_usart.c...
compiling misc.c...
compiling core_cm3.c...
compiling system_stm32f10x.c...
compiling BSP.c...
..\BSP\BSP.h(6): warning:  #1-D: last line of file ends without a newline
..\BSP\BSP.c(12): warning:  #223-D: function "LED_GPIO_Config" declared implicitly
..\BSP\BSP.c(39): warning:  #1-D: last line of file ends without a newline
compiling led.c...
compiling usart1.c...
compiling app.c...
..\BSP\BSP.h(6): warning:  #1-D: last line of file ends without a newline
..\APP\app.c(95): warning:  #167-D: argument of type "unsigned char *" is incompatible with parameter of type "const char *"
..\APP\app.c(102): warning:  #167-D: argument of type "unsigned char *" is incompatible with parameter of type "const char *"
..\APP\app.c(110): warning:  #167-D: argument of type "unsigned char *" is incompatible with parameter of type "const char *"
compiling os_core.c...
compiling os_flag.c...
compiling os_mbox.c...
compiling os_mem.c...
compiling os_mutex.c...
compiling os_q.c...
compiling os_sem.c...
compiling os_task.c...
compiling os_time.c...
compiling os_tmr.c...
compiling os_cpu_c.c...
compiling os_dbg.c...
assembling os_cpu_a.asm...
linking...
Program Size: Code=16236 RO-data=728 RW-data=160 ZI-data=6896  
FromELF: creating hex file...
"..\OUTput\serial.axf" - 0 Error(s), 10 Warning(s).
compiling app.c...
..\BSP\BSP.h(6): warning:  #1-D: last line of file ends without a newline
..\APP\app.c(95): warning:  #167-D: argument of type "unsigned char *" is incompatible with parameter of type "const char *"
..\APP\app.c(102): warning:  #167-D: argument of type "unsigned char *" is incompatible with parameter of type "const char *"
..\APP\app.c(110): warning:  #167-D: argument of type "unsigned char *" is incompatible with parameter of type "const char *"
..\APP\app.c - 0 Error(s), 4 Warning(s).
compiling app.c...
..\BSP\BSP.h(6): warning:  #1-D: last line of file ends without a newline
..\APP\app.c(95): warning:  #167-D: argument of type "unsigned char *" is incompatible with parameter of type "const char *"
..\APP\app.c(102): warning:  #167-D: argument of type "unsigned char *" is incompatible with parameter of type "const char *"
..\APP\app.c(110): warning:  #167-D: argument of type "unsigned char *" is incompatible with parameter of type "const char *"
..\APP\app.c - 0 Error(s), 4 Warning(s).
Rebuild target 'LED'
assembling startup_stm32f10x_hd.s...
compiling main.c...
..\BSP\BSP.h(6): warning:  #1-D: last line of file ends without a newline
compiling stm32f10x_it.c...
..\BSP\BSP.h(6): warning:  #1-D: last line of file ends without a newline
stm32f10x_it.c(144): warning:  #174-D: expression has no effect
compiling stm32f10x_gpio.c...
compiling stm32f10x_rcc.c...
compiling stm32f10x_usart.c...
compiling misc.c...
compiling core_cm3.c...
compiling system_stm32f10x.c...
compiling BSP.c...
..\BSP\BSP.h(6): warning:  #1-D: last line of file ends without a newline
..\BSP\BSP.c(12): warning:  #223-D: function "LED_GPIO_Config" declared implicitly
..\BSP\BSP.c(39): warning:  #1-D: last line of file ends without a newline
compiling led.c...
compiling usart1.c...
compiling app.c...
..\BSP\BSP.h(6): warning:  #1-D: last line of file ends without a newline
..\APP\app.c(95): warning:  #167-D: argument of type "unsigned char *" is incompatible with parameter of type "const char *"
..\APP\app.c(102): warning:  #167-D: argument of type "unsigned char *" is incompatible with parameter of type "const char *"
..\APP\app.c(110): warning:  #167-D: argument of type "unsigned char *" is incompatible with parameter of type "const char *"
compiling os_core.c...
compiling os_flag.c...
compiling os_mbox.c...
compiling os_mem.c...
compiling os_mutex.c...
compiling os_q.c...
compiling os_sem.c...
compiling os_task.c...
compiling os_time.c...
compiling os_tmr.c...
compiling os_cpu_c.c...
compiling os_dbg.c...
assembling os_cpu_a.asm...
linking...
Program Size: Code=16668 RO-data=728 RW-data=160 ZI-data=6896  
FromELF: creating hex file...
"..\OUTput\serial.axf" - 0 Error(s), 10 Warning(s).
compiling app.c...
..\BSP\BSP.h(6): warning:  #1-D: last line of file ends without a newline
..\APP\app.c(95): warning:  #167-D: argument of type "unsigned char *" is incompatible with parameter of type "const char *"
..\APP\app.c(102): warning:  #167-D: argument of type "unsigned char *" is incompatible with parameter of type "const char *"
..\APP\app.c(110): warning:  #167-D: argument of type "unsigned char *" is incompatible with parameter of type "const char *"
..\APP\app.c - 0 Error(s), 4 Warning(s).
compiling app.c...
..\BSP\BSP.h(6): warning:  #1-D: last line of file ends without a newline
..\APP\app.c(95): warning:  #167-D: argument of type "unsigned char *" is incompatible with parameter of type "const char *"
..\APP\app.c(102): warning:  #167-D: argument of type "unsigned char *" is incompatible with parameter of type "const char *"
..\APP\app.c(110): warning:  #167-D: argument of type "unsigned char *" is incompatible with parameter of type "const char *"
..\APP\app.c - 0 Error(s), 4 Warning(s).
