ARM Linker, 4.1 [Build 894] [Standard]

==============================================================================

Section Cross References

    startup_stm32f10x_hd.o(RESET) refers to startup_stm32f10x_hd.o(STACK) for __initial_sp
    startup_stm32f10x_hd.o(RESET) refers to startup_stm32f10x_hd.o(.text) for Reset_Handler
    startup_stm32f10x_hd.o(RESET) refers to stm32f10x_it.o(.text) for NMI_Handler
    startup_stm32f10x_hd.o(RESET) refers to os_cpu_a.o(.text) for OS_CPU_PendSVHandler
    startup_stm32f10x_hd.o(.text) refers to system_stm32f10x.o(.text) for SystemInit
    startup_stm32f10x_hd.o(.text) refers to entry.o(.ARM.Collect$$$$00000000) for __main
    main.o(.text) refers to bsp.o(.text) for BSP_Init
    main.o(.text) refers to os_core.o(.text) for OSInit
    main.o(.text) refers to os_task.o(.text) for OSTaskCreate
    main.o(.text) refers to main.o(.data) for milsec1
    main.o(.text) refers to main.o(.bss) for startup_task_stk
    main.o(.text) refers to app.o(.text) for Task_Start
    stm32f10x_it.o(.text) refers to os_core.o(.text) for OSTimeTick
    stm32f10x_it.o(.text) refers to stm32f10x_gpio.o(.text) for GPIO_ResetBits
    stm32f10x_it.o(.text) refers to os_cpu_a.o(.text) for OS_CPU_SR_Save
    stm32f10x_it.o(.text) refers to stm32f10x_usart.o(.text) for USART_GetITStatus
    stm32f10x_it.o(.text) refers to os_mbox.o(.text) for OSMboxPost
    stm32f10x_it.o(.text) refers to os_core.o(.data) for OSIntNesting
    stm32f10x_it.o(.text) refers to main.o(.data) for RxCounter1
    stm32f10x_it.o(.text) refers to main.o(.bss) for TxBuffer1
    stm32f10x_it.o(.text) refers to app.o(.data) for Com1_MBOX
    stm32f10x_gpio.o(.text) refers to stm32f10x_rcc.o(.text) for RCC_APB2PeriphResetCmd
    stm32f10x_rcc.o(.text) refers to stm32f10x_rcc.o(.data) for APBAHBPrescTable
    stm32f10x_usart.o(.text) refers to stm32f10x_rcc.o(.text) for RCC_APB2PeriphResetCmd
    system_stm32f10x.o(.text) refers to system_stm32f10x.o(.data) for SystemCoreClock
    bsp.o(.text) refers to misc.o(.text) for NVIC_Init
    bsp.o(.text) refers to system_stm32f10x.o(.text) for SystemInit
    bsp.o(.text) refers to led.o(.text) for LED_GPIO_Config
    bsp.o(.text) refers to usart1.o(.text) for USART1_Config
    led.o(.text) refers to stm32f10x_rcc.o(.text) for RCC_APB2PeriphClockCmd
    led.o(.text) refers to stm32f10x_gpio.o(.text) for GPIO_Init
    usart1.o(.text) refers to stm32f10x_rcc.o(.text) for RCC_APB2PeriphClockCmd
    usart1.o(.text) refers to stm32f10x_gpio.o(.text) for GPIO_Init
    usart1.o(.text) refers to stm32f10x_usart.o(.text) for USART_Init
    app.o(.text) refers to os_time.o(.text) for OSTimeDlyHMSM
    app.o(.text) refers to printf1.o(i.__0printf$1) for __2printf
    app.o(.text) refers to os_mbox.o(.text) for OSMboxPend
    app.o(.text) refers to atoi.o(.text) for atoi
    app.o(.text) refers to stm32f10x_gpio.o(.text) for GPIO_ResetBits
    app.o(.text) refers to os_task.o(.text) for OSTaskCreate
    app.o(.text) refers to app.o(.data) for Com1_MBOX
    app.o(.text) refers to main.o(.data) for milsec1
    app.o(.text) refers to app.o(.bss) for task_led2_stk
    os_core.o(.text) refers to os_cpu_a.o(.text) for OS_CPU_SR_Save
    os_core.o(.text) refers to os_task.o(.text) for OSTaskStkChk
    os_core.o(.text) refers to os_time.o(.text) for OSTimeDly
    os_core.o(.text) refers to os_cpu_c.o(.text) for OSTaskStatHook
    os_core.o(.text) refers to os_flag.o(.text) for OS_FlagInit
    os_core.o(.text) refers to os_mem.o(.text) for OS_MemInit
    os_core.o(.text) refers to os_q.o(.text) for OS_QInit
    os_core.o(.text) refers to os_core.o(.data) for OSIntNesting
    os_core.o(.text) refers to os_core.o(.bss) for OSTCBPrioTbl
    os_core.o(.text) refers to os_core.o(.constdata) for OSUnMapTbl
    os_flag.o(.text) refers to os_cpu_a.o(.text) for OS_CPU_SR_Save
    os_flag.o(.text) refers to os_core.o(.text) for OS_Sched
    os_flag.o(.text) refers to os_core.o(.data) for OSIntNesting
    os_flag.o(.text) refers to os_core.o(.bss) for OSFlagTbl
    os_mbox.o(.text) refers to os_cpu_a.o(.text) for OS_CPU_SR_Save
    os_mbox.o(.text) refers to os_core.o(.text) for OS_EventWaitListInit
    os_mbox.o(.text) refers to os_core.o(.data) for OSIntNesting
    os_mem.o(.text) refers to os_cpu_a.o(.text) for OS_CPU_SR_Save
    os_mem.o(.text) refers to os_core.o(.text) for OS_StrCopy
    os_mem.o(.text) refers to os_core.o(.data) for OSMemFreeList
    os_mem.o(.text) refers to os_core.o(.bss) for OSMemTbl
    os_mutex.o(.text) refers to os_cpu_a.o(.text) for OS_CPU_SR_Save
    os_mutex.o(.text) refers to os_core.o(.text) for OS_EventWaitListInit
    os_mutex.o(.text) refers to os_core.o(.data) for OSIntNesting
    os_mutex.o(.text) refers to os_core.o(.bss) for OSTCBPrioTbl
    os_q.o(.text) refers to os_cpu_a.o(.text) for OS_CPU_SR_Save
    os_q.o(.text) refers to os_core.o(.text) for OS_EventWaitListInit
    os_q.o(.text) refers to os_core.o(.data) for OSIntNesting
    os_q.o(.text) refers to os_core.o(.bss) for OSQTbl
    os_sem.o(.text) refers to os_cpu_a.o(.text) for OS_CPU_SR_Save
    os_sem.o(.text) refers to os_core.o(.text) for OS_EventWaitListInit
    os_sem.o(.text) refers to os_core.o(.data) for OSIntNesting
    os_task.o(.text) refers to os_cpu_a.o(.text) for OS_CPU_SR_Save
    os_task.o(.text) refers to os_core.o(.text) for OS_Sched
    os_task.o(.text) refers to os_cpu_c.o(.text) for OSTaskStkInit
    os_task.o(.text) refers to os_flag.o(.text) for OS_FlagUnlink
    os_task.o(.text) refers to os_core.o(.bss) for OSTCBPrioTbl
    os_task.o(.text) refers to os_core.o(.data) for OSTCBCur
    os_time.o(.text) refers to os_cpu_a.o(.text) for OS_CPU_SR_Save
    os_time.o(.text) refers to os_core.o(.text) for OS_Sched
    os_time.o(.text) refers to os_core.o(.data) for OSIntNesting
    os_time.o(.text) refers to os_core.o(.bss) for OSTCBPrioTbl
    os_cpu_a.o(.text) refers to os_core.o(.data) for OSRunning
    os_cpu_a.o(.text) refers to os_cpu_c.o(.text) for OSTaskSwHook
    entry.o(.ARM.Collect$$$$00000000) refers (Special) to entry7b.o(.ARM.Collect$$$$00000008) for _main_clock
    entry.o(.ARM.Collect$$$$00000000) refers (Special) to entry8.o(.ARM.Collect$$$$00000009) for _main_init
    entry.o(.ARM.Collect$$$$00000000) refers (Special) to entry5.o(.ARM.Collect$$$$00000004) for _main_scatterload
    entry.o(.ARM.Collect$$$$00000000) refers (Special) to entry2.o(.ARM.Collect$$$$00000001) for _main_stk
    printfb.o(i.__0fprintf$bare) refers to printfb.o(i._printf_core) for _printf_core
    printfb.o(i.__0fprintf$bare) refers to stm32f10x_usart.o(.text) for fputc
    printfb.o(i.__0printf$bare) refers to printfb.o(i._printf_core) for _printf_core
    printfb.o(i.__0printf$bare) refers to stm32f10x_usart.o(.text) for fputc
    printfb.o(i.__0printf$bare) refers to stdout.o(.data) for __stdout
    printfb.o(i.__0snprintf$bare) refers to printfb.o(i._printf_core) for _printf_core
    printfb.o(i.__0snprintf$bare) refers to printfb.o(i._snputc) for _snputc
    printfb.o(i.__0sprintf$bare) refers to printfb.o(i._printf_core) for _printf_core
    printfb.o(i.__0sprintf$bare) refers to printfb.o(i._sputc) for _sputc
    printfb.o(i.__0vfprintf$bare) refers to printfb.o(i._printf_core) for _printf_core
    printfb.o(i.__0vfprintf$bare) refers to stm32f10x_usart.o(.text) for fputc
    printfb.o(i.__0vprintf$bare) refers to printfb.o(i._printf_core) for _printf_core
    printfb.o(i.__0vprintf$bare) refers to stm32f10x_usart.o(.text) for fputc
    printfb.o(i.__0vprintf$bare) refers to stdout.o(.data) for __stdout
    printfb.o(i.__0vsnprintf$bare) refers to printfb.o(i._printf_core) for _printf_core
    printfb.o(i.__0vsnprintf$bare) refers to printfb.o(i._snputc) for _snputc
    printfb.o(i.__0vsprintf$bare) refers to printfb.o(i._printf_core) for _printf_core
    printfb.o(i.__0vsprintf$bare) refers to printfb.o(i._sputc) for _sputc
    printf0.o(i.__0fprintf$0) refers to printf0.o(i._printf_core) for _printf_core
    printf0.o(i.__0fprintf$0) refers to stm32f10x_usart.o(.text) for fputc
    printf0.o(i.__0printf$0) refers to printf0.o(i._printf_core) for _printf_core
    printf0.o(i.__0printf$0) refers to stm32f10x_usart.o(.text) for fputc
    printf0.o(i.__0printf$0) refers to stdout.o(.data) for __stdout
    printf0.o(i.__0snprintf$0) refers to printf0.o(i._printf_core) for _printf_core
    printf0.o(i.__0snprintf$0) refers to printf0.o(i._snputc) for _snputc
    printf0.o(i.__0sprintf$0) refers to printf0.o(i._printf_core) for _printf_core
    printf0.o(i.__0sprintf$0) refers to printf0.o(i._sputc) for _sputc
    printf0.o(i.__0vfprintf$0) refers to printf0.o(i._printf_core) for _printf_core
    printf0.o(i.__0vfprintf$0) refers to stm32f10x_usart.o(.text) for fputc
    printf0.o(i.__0vprintf$0) refers to printf0.o(i._printf_core) for _printf_core
    printf0.o(i.__0vprintf$0) refers to stm32f10x_usart.o(.text) for fputc
    printf0.o(i.__0vprintf$0) refers to stdout.o(.data) for __stdout
    printf0.o(i.__0vsnprintf$0) refers to printf0.o(i._printf_core) for _printf_core
    printf0.o(i.__0vsnprintf$0) refers to printf0.o(i._snputc) for _snputc
    printf0.o(i.__0vsprintf$0) refers to printf0.o(i._printf_core) for _printf_core
    printf0.o(i.__0vsprintf$0) refers to printf0.o(i._sputc) for _sputc
    printf1.o(i.__0fprintf$1) refers to printf1.o(i._printf_core) for _printf_core
    printf1.o(i.__0fprintf$1) refers to stm32f10x_usart.o(.text) for fputc
    printf1.o(i.__0printf$1) refers to printf1.o(i._printf_core) for _printf_core
    printf1.o(i.__0printf$1) refers to stm32f10x_usart.o(.text) for fputc
    printf1.o(i.__0printf$1) refers to stdout.o(.data) for __stdout
    printf1.o(i.__0snprintf$1) refers to printf1.o(i._printf_core) for _printf_core
    printf1.o(i.__0snprintf$1) refers to printf1.o(i._snputc) for _snputc
    printf1.o(i.__0sprintf$1) refers to printf1.o(i._printf_core) for _printf_core
    printf1.o(i.__0sprintf$1) refers to printf1.o(i._sputc) for _sputc
    printf1.o(i.__0vfprintf$1) refers to printf1.o(i._printf_core) for _printf_core
    printf1.o(i.__0vfprintf$1) refers to stm32f10x_usart.o(.text) for fputc
    printf1.o(i.__0vprintf$1) refers to printf1.o(i._printf_core) for _printf_core
    printf1.o(i.__0vprintf$1) refers to stm32f10x_usart.o(.text) for fputc
    printf1.o(i.__0vprintf$1) refers to stdout.o(.data) for __stdout
    printf1.o(i.__0vsnprintf$1) refers to printf1.o(i._printf_core) for _printf_core
    printf1.o(i.__0vsnprintf$1) refers to printf1.o(i._snputc) for _snputc
    printf1.o(i.__0vsprintf$1) refers to printf1.o(i._printf_core) for _printf_core
    printf1.o(i.__0vsprintf$1) refers to printf1.o(i._sputc) for _sputc
    printf1.o(i._printf_core) refers to uidiv.o(.text) for __aeabi_uidivmod
    printf2.o(i.__0fprintf$2) refers to printf2.o(i._printf_core) for _printf_core
    printf2.o(i.__0fprintf$2) refers to stm32f10x_usart.o(.text) for fputc
    printf2.o(i.__0printf$2) refers to printf2.o(i._printf_core) for _printf_core
    printf2.o(i.__0printf$2) refers to stm32f10x_usart.o(.text) for fputc
    printf2.o(i.__0printf$2) refers to stdout.o(.data) for __stdout
    printf2.o(i.__0snprintf$2) refers to printf2.o(i._printf_core) for _printf_core
    printf2.o(i.__0snprintf$2) refers to printf2.o(i._snputc) for _snputc
    printf2.o(i.__0sprintf$2) refers to printf2.o(i._printf_core) for _printf_core
    printf2.o(i.__0sprintf$2) refers to printf2.o(i._sputc) for _sputc
    printf2.o(i.__0vfprintf$2) refers to printf2.o(i._printf_core) for _printf_core
    printf2.o(i.__0vfprintf$2) refers to stm32f10x_usart.o(.text) for fputc
    printf2.o(i.__0vprintf$2) refers to printf2.o(i._printf_core) for _printf_core
    printf2.o(i.__0vprintf$2) refers to stm32f10x_usart.o(.text) for fputc
    printf2.o(i.__0vprintf$2) refers to stdout.o(.data) for __stdout
    printf2.o(i.__0vsnprintf$2) refers to printf2.o(i._printf_core) for _printf_core
    printf2.o(i.__0vsnprintf$2) refers to printf2.o(i._snputc) for _snputc
    printf2.o(i.__0vsprintf$2) refers to printf2.o(i._printf_core) for _printf_core
    printf2.o(i.__0vsprintf$2) refers to printf2.o(i._sputc) for _sputc
    printf3.o(i.__0fprintf$3) refers to printf3.o(i._printf_core) for _printf_core
    printf3.o(i.__0fprintf$3) refers to stm32f10x_usart.o(.text) for fputc
    printf3.o(i.__0printf$3) refers to printf3.o(i._printf_core) for _printf_core
    printf3.o(i.__0printf$3) refers to stm32f10x_usart.o(.text) for fputc
    printf3.o(i.__0printf$3) refers to stdout.o(.data) for __stdout
    printf3.o(i.__0snprintf$3) refers to printf3.o(i._printf_core) for _printf_core
    printf3.o(i.__0snprintf$3) refers to printf3.o(i._snputc) for _snputc
    printf3.o(i.__0sprintf$3) refers to printf3.o(i._printf_core) for _printf_core
    printf3.o(i.__0sprintf$3) refers to printf3.o(i._sputc) for _sputc
    printf3.o(i.__0vfprintf$3) refers to printf3.o(i._printf_core) for _printf_core
    printf3.o(i.__0vfprintf$3) refers to stm32f10x_usart.o(.text) for fputc
    printf3.o(i.__0vprintf$3) refers to printf3.o(i._printf_core) for _printf_core
    printf3.o(i.__0vprintf$3) refers to stm32f10x_usart.o(.text) for fputc
    printf3.o(i.__0vprintf$3) refers to stdout.o(.data) for __stdout
    printf3.o(i.__0vsnprintf$3) refers to printf3.o(i._printf_core) for _printf_core
    printf3.o(i.__0vsnprintf$3) refers to printf3.o(i._snputc) for _snputc
    printf3.o(i.__0vsprintf$3) refers to printf3.o(i._printf_core) for _printf_core
    printf3.o(i.__0vsprintf$3) refers to printf3.o(i._sputc) for _sputc
    printf3.o(i._printf_core) refers to uidiv.o(.text) for __aeabi_uidivmod
    printf4.o(i.__0fprintf$4) refers to printf4.o(i._printf_core) for _printf_core
    printf4.o(i.__0fprintf$4) refers to stm32f10x_usart.o(.text) for fputc
    printf4.o(i.__0printf$4) refers to printf4.o(i._printf_core) for _printf_core
    printf4.o(i.__0printf$4) refers to stm32f10x_usart.o(.text) for fputc
    printf4.o(i.__0printf$4) refers to stdout.o(.data) for __stdout
    printf4.o(i.__0snprintf$4) refers to printf4.o(i._printf_core) for _printf_core
    printf4.o(i.__0snprintf$4) refers to printf4.o(i._snputc) for _snputc
    printf4.o(i.__0sprintf$4) refers to printf4.o(i._printf_core) for _printf_core
    printf4.o(i.__0sprintf$4) refers to printf4.o(i._sputc) for _sputc
    printf4.o(i.__0vfprintf$4) refers to printf4.o(i._printf_core) for _printf_core
    printf4.o(i.__0vfprintf$4) refers to stm32f10x_usart.o(.text) for fputc
    printf4.o(i.__0vprintf$4) refers to printf4.o(i._printf_core) for _printf_core
    printf4.o(i.__0vprintf$4) refers to stm32f10x_usart.o(.text) for fputc
    printf4.o(i.__0vprintf$4) refers to stdout.o(.data) for __stdout
    printf4.o(i.__0vsnprintf$4) refers to printf4.o(i._printf_core) for _printf_core
    printf4.o(i.__0vsnprintf$4) refers to printf4.o(i._snputc) for _snputc
    printf4.o(i.__0vsprintf$4) refers to printf4.o(i._printf_core) for _printf_core
    printf4.o(i.__0vsprintf$4) refers to printf4.o(i._sputc) for _sputc
    printf4.o(i._printf_core) refers to uldiv.o(.text) for __aeabi_uldivmod
    printf5.o(i.__0fprintf$5) refers to printf5.o(i._printf_core) for _printf_core
    printf5.o(i.__0fprintf$5) refers to stm32f10x_usart.o(.text) for fputc
    printf5.o(i.__0printf$5) refers to printf5.o(i._printf_core) for _printf_core
    printf5.o(i.__0printf$5) refers to stm32f10x_usart.o(.text) for fputc
    printf5.o(i.__0printf$5) refers to stdout.o(.data) for __stdout
    printf5.o(i.__0snprintf$5) refers to printf5.o(i._printf_core) for _printf_core
    printf5.o(i.__0snprintf$5) refers to printf5.o(i._snputc) for _snputc
    printf5.o(i.__0sprintf$5) refers to printf5.o(i._printf_core) for _printf_core
    printf5.o(i.__0sprintf$5) refers to printf5.o(i._sputc) for _sputc
    printf5.o(i.__0vfprintf$5) refers to printf5.o(i._printf_core) for _printf_core
    printf5.o(i.__0vfprintf$5) refers to stm32f10x_usart.o(.text) for fputc
    printf5.o(i.__0vprintf$5) refers to printf5.o(i._printf_core) for _printf_core
    printf5.o(i.__0vprintf$5) refers to stm32f10x_usart.o(.text) for fputc
    printf5.o(i.__0vprintf$5) refers to stdout.o(.data) for __stdout
    printf5.o(i.__0vsnprintf$5) refers to printf5.o(i._printf_core) for _printf_core
    printf5.o(i.__0vsnprintf$5) refers to printf5.o(i._snputc) for _snputc
    printf5.o(i.__0vsprintf$5) refers to printf5.o(i._printf_core) for _printf_core
    printf5.o(i.__0vsprintf$5) refers to printf5.o(i._sputc) for _sputc
    printf5.o(i._printf_core) refers to uldiv.o(.text) for __aeabi_uldivmod
    printf6.o(i.__0fprintf$6) refers to printf6.o(i._printf_core) for _printf_core
    printf6.o(i.__0fprintf$6) refers to stm32f10x_usart.o(.text) for fputc
    printf6.o(i.__0printf$6) refers to printf6.o(i._printf_core) for _printf_core
    printf6.o(i.__0printf$6) refers to stm32f10x_usart.o(.text) for fputc
    printf6.o(i.__0printf$6) refers to stdout.o(.data) for __stdout
    printf6.o(i.__0snprintf$6) refers to printf6.o(i._printf_core) for _printf_core
    printf6.o(i.__0snprintf$6) refers to printf6.o(i._snputc) for _snputc
    printf6.o(i.__0sprintf$6) refers to printf6.o(i._printf_core) for _printf_core
    printf6.o(i.__0sprintf$6) refers to printf6.o(i._sputc) for _sputc
    printf6.o(i.__0vfprintf$6) refers to printf6.o(i._printf_core) for _printf_core
    printf6.o(i.__0vfprintf$6) refers to stm32f10x_usart.o(.text) for fputc
    printf6.o(i.__0vprintf$6) refers to printf6.o(i._printf_core) for _printf_core
    printf6.o(i.__0vprintf$6) refers to stm32f10x_usart.o(.text) for fputc
    printf6.o(i.__0vprintf$6) refers to stdout.o(.data) for __stdout
    printf6.o(i.__0vsnprintf$6) refers to printf6.o(i._printf_core) for _printf_core
    printf6.o(i.__0vsnprintf$6) refers to printf6.o(i._snputc) for _snputc
    printf6.o(i.__0vsprintf$6) refers to printf6.o(i._printf_core) for _printf_core
    printf6.o(i.__0vsprintf$6) refers to printf6.o(i._sputc) for _sputc
    printf6.o(i._printf_core) refers to printf6.o(i._printf_pre_padding) for _printf_pre_padding
    printf6.o(i._printf_core) refers to uidiv.o(.text) for __aeabi_uidivmod
    printf6.o(i._printf_core) refers to printf6.o(i._printf_post_padding) for _printf_post_padding
    printf7.o(i.__0fprintf$7) refers to printf7.o(i._printf_core) for _printf_core
    printf7.o(i.__0fprintf$7) refers to stm32f10x_usart.o(.text) for fputc
    printf7.o(i.__0printf$7) refers to printf7.o(i._printf_core) for _printf_core
    printf7.o(i.__0printf$7) refers to stm32f10x_usart.o(.text) for fputc
    printf7.o(i.__0printf$7) refers to stdout.o(.data) for __stdout
    printf7.o(i.__0snprintf$7) refers to printf7.o(i._printf_core) for _printf_core
    printf7.o(i.__0snprintf$7) refers to printf7.o(i._snputc) for _snputc
    printf7.o(i.__0sprintf$7) refers to printf7.o(i._printf_core) for _printf_core
    printf7.o(i.__0sprintf$7) refers to printf7.o(i._sputc) for _sputc
    printf7.o(i.__0vfprintf$7) refers to printf7.o(i._printf_core) for _printf_core
    printf7.o(i.__0vfprintf$7) refers to stm32f10x_usart.o(.text) for fputc
    printf7.o(i.__0vprintf$7) refers to printf7.o(i._printf_core) for _printf_core
    printf7.o(i.__0vprintf$7) refers to stm32f10x_usart.o(.text) for fputc
    printf7.o(i.__0vprintf$7) refers to stdout.o(.data) for __stdout
    printf7.o(i.__0vsnprintf$7) refers to printf7.o(i._printf_core) for _printf_core
    printf7.o(i.__0vsnprintf$7) refers to printf7.o(i._snputc) for _snputc
    printf7.o(i.__0vsprintf$7) refers to printf7.o(i._printf_core) for _printf_core
    printf7.o(i.__0vsprintf$7) refers to printf7.o(i._sputc) for _sputc
    printf7.o(i._printf_core) refers to printf7.o(i._printf_pre_padding) for _printf_pre_padding
    printf7.o(i._printf_core) refers to uldiv.o(.text) for __aeabi_uldivmod
    printf7.o(i._printf_core) refers to printf7.o(i._printf_post_padding) for _printf_post_padding
    printf8.o(i.__0fprintf$8) refers to printf8.o(i._printf_core) for _printf_core
    printf8.o(i.__0fprintf$8) refers to stm32f10x_usart.o(.text) for fputc
    printf8.o(i.__0printf$8) refers to printf8.o(i._printf_core) for _printf_core
    printf8.o(i.__0printf$8) refers to stm32f10x_usart.o(.text) for fputc
    printf8.o(i.__0printf$8) refers to stdout.o(.data) for __stdout
    printf8.o(i.__0snprintf$8) refers to printf8.o(i._printf_core) for _printf_core
    printf8.o(i.__0snprintf$8) refers to printf8.o(i._snputc) for _snputc
    printf8.o(i.__0sprintf$8) refers to printf8.o(i._printf_core) for _printf_core
    printf8.o(i.__0sprintf$8) refers to printf8.o(i._sputc) for _sputc
    printf8.o(i.__0vfprintf$8) refers to printf8.o(i._printf_core) for _printf_core
    printf8.o(i.__0vfprintf$8) refers to stm32f10x_usart.o(.text) for fputc
    printf8.o(i.__0vprintf$8) refers to printf8.o(i._printf_core) for _printf_core
    printf8.o(i.__0vprintf$8) refers to stm32f10x_usart.o(.text) for fputc
    printf8.o(i.__0vprintf$8) refers to stdout.o(.data) for __stdout
    printf8.o(i.__0vsnprintf$8) refers to printf8.o(i._printf_core) for _printf_core
    printf8.o(i.__0vsnprintf$8) refers to printf8.o(i._snputc) for _snputc
    printf8.o(i.__0vsprintf$8) refers to printf8.o(i._printf_core) for _printf_core
    printf8.o(i.__0vsprintf$8) refers to printf8.o(i._sputc) for _sputc
    printf8.o(i._printf_core) refers to printf8.o(i._printf_pre_padding) for _printf_pre_padding
    printf8.o(i._printf_core) refers to uldiv.o(.text) for __aeabi_uldivmod
    printf8.o(i._printf_core) refers to printf8.o(i._printf_post_padding) for _printf_post_padding
    printfa.o(i.__0fprintf) refers (Special) to iusefp.o(.text) for __I$use$fp
    printfa.o(i.__0fprintf) refers to printfa.o(i._printf_core) for _printf_core
    printfa.o(i.__0fprintf) refers to stm32f10x_usart.o(.text) for fputc
    printfa.o(i.__0printf) refers (Special) to iusefp.o(.text) for __I$use$fp
    printfa.o(i.__0printf) refers to printfa.o(i._printf_core) for _printf_core
    printfa.o(i.__0printf) refers to stm32f10x_usart.o(.text) for fputc
    printfa.o(i.__0printf) refers to stdout.o(.data) for __stdout
    printfa.o(i.__0snprintf) refers (Special) to iusefp.o(.text) for __I$use$fp
    printfa.o(i.__0snprintf) refers to printfa.o(i._printf_core) for _printf_core
    printfa.o(i.__0snprintf) refers to printfa.o(i._snputc) for _snputc
    printfa.o(i.__0sprintf) refers (Special) to iusefp.o(.text) for __I$use$fp
    printfa.o(i.__0sprintf) refers to printfa.o(i._printf_core) for _printf_core
    printfa.o(i.__0sprintf) refers to printfa.o(i._sputc) for _sputc
    printfa.o(i.__0vfprintf) refers (Special) to iusefp.o(.text) for __I$use$fp
    printfa.o(i.__0vfprintf) refers to printfa.o(i._printf_core) for _printf_core
    printfa.o(i.__0vfprintf) refers to stm32f10x_usart.o(.text) for fputc
    printfa.o(i.__0vprintf) refers (Special) to iusefp.o(.text) for __I$use$fp
    printfa.o(i.__0vprintf) refers to printfa.o(i._printf_core) for _printf_core
    printfa.o(i.__0vprintf) refers to stm32f10x_usart.o(.text) for fputc
    printfa.o(i.__0vprintf) refers to stdout.o(.data) for __stdout
    printfa.o(i.__0vsnprintf) refers (Special) to iusefp.o(.text) for __I$use$fp
    printfa.o(i.__0vsnprintf) refers to printfa.o(i._printf_core) for _printf_core
    printfa.o(i.__0vsnprintf) refers to printfa.o(i._snputc) for _snputc
    printfa.o(i.__0vsprintf) refers (Special) to iusefp.o(.text) for __I$use$fp
    printfa.o(i.__0vsprintf) refers to printfa.o(i._printf_core) for _printf_core
    printfa.o(i.__0vsprintf) refers to printfa.o(i._sputc) for _sputc
    printfa.o(i._fp_digits) refers (Special) to iusefp.o(.text) for __I$use$fp
    printfa.o(i._fp_digits) refers to dmul.o(.text) for __aeabi_dmul
    printfa.o(i._fp_digits) refers to ddiv.o(.text) for __aeabi_ddiv
    printfa.o(i._fp_digits) refers to cdrcmple.o(.text) for __aeabi_cdrcmple
    printfa.o(i._fp_digits) refers to dadd.o(.text) for __aeabi_dadd
    printfa.o(i._fp_digits) refers to dfixul.o(.text) for __aeabi_d2ulz
    printfa.o(i._fp_digits) refers to uldiv.o(.text) for __aeabi_uldivmod
    printfa.o(i._printf_core) refers (Special) to iusefp.o(.text) for __I$use$fp
    printfa.o(i._printf_core) refers to printfa.o(i._printf_pre_padding) for _printf_pre_padding
    printfa.o(i._printf_core) refers to uldiv.o(.text) for __aeabi_uldivmod
    printfa.o(i._printf_core) refers to printfa.o(i._printf_post_padding) for _printf_post_padding
    printfa.o(i._printf_core) refers to printfa.o(i._fp_digits) for _fp_digits
    printfa.o(i._printf_core) refers to uidiv.o(.text) for __aeabi_uidivmod
    printfa.o(i._printf_post_padding) refers (Special) to iusefp.o(.text) for __I$use$fp
    printfa.o(i._printf_pre_padding) refers (Special) to iusefp.o(.text) for __I$use$fp
    printfa.o(i._snputc) refers (Special) to iusefp.o(.text) for __I$use$fp
    printfa.o(i._sputc) refers (Special) to iusefp.o(.text) for __I$use$fp
    atoi.o(.text) refers to errno.o(i.__aeabi_errno_addr) for __aeabi_errno_addr
    atoi.o(.text) refers to strtol.o(.text) for strtol
    entry2.o(.ARM.Collect$$$$00000001) refers to entry2.o(.ARM.Collect$$$$00002712) for __lit__00000000
    entry2.o(.ARM.Collect$$$$00002712) refers to startup_stm32f10x_hd.o(STACK) for __initial_sp
    entry2.o(__vectab_stack_and_reset_area) refers to startup_stm32f10x_hd.o(STACK) for __initial_sp
    entry2.o(__vectab_stack_and_reset_area) refers to entry.o(.ARM.Collect$$$$00000000) for __main
    entry5.o(.ARM.Collect$$$$00000004) refers to init.o(.text) for __scatterload
    entry8.o(.ARM.Collect$$$$00000009) refers to main.o(.text) for main
    uldiv.o(.text) refers to llushr.o(.text) for __aeabi_llsr
    uldiv.o(.text) refers to llshl.o(.text) for __aeabi_llsl
    errno.o(i.__aeabi_errno_addr) refers to errno.o(.data) for .data
    errno.o(i.__read_errno) refers to errno.o(.data) for .data
    errno.o(i.__set_errno) refers to errno.o(.data) for .data
    strtol.o(.text) refers to ctype_o.o(.text) for __rt_ctype_table
    strtol.o(.text) refers to _strtoul.o(.text) for _strtoul
    strtol.o(.text) refers to errno.o(i.__aeabi_errno_addr) for __aeabi_errno_addr
    dadd.o(.text) refers to llshl.o(.text) for __aeabi_llsl
    dadd.o(.text) refers to llsshr.o(.text) for __aeabi_lasr
    dadd.o(.text) refers to depilogue.o(.text) for _double_epilogue
    dmul.o(.text) refers to depilogue.o(.text) for _double_epilogue
    ddiv.o(.text) refers to depilogue.o(.text) for _double_round
    dfixul.o(.text) refers to llushr.o(.text) for __aeabi_llsr
    dfixul.o(.text) refers to llshl.o(.text) for __aeabi_llsl
    init.o(.text) refers to entry5.o(.ARM.Collect$$$$00000004) for __main_after_scatterload
    ctype_o.o(.text) refers to ctype_o.o(.constdata) for .constdata
    ctype_o.o(.constdata) refers to ctype_o.o(.constdata) for __ctype_table
    isalnum_o.o(.text) refers to ctype_o.o(.text) for __rt_ctype_table
    isalpha_o.o(.text) refers to ctype_o.o(.text) for __rt_ctype_table
    isblank_o.o(.text) refers to ctype_o.o(.constdata) for __ctype_table
    iscntrl_o.o(.text) refers to ctype_o.o(.text) for __rt_ctype_table
    isdigit_o.o(.text) refers to ctype_o.o(.text) for __rt_ctype_table
    isgraph_o.o(.text) refers to ctype_o.o(.text) for __rt_ctype_table
    islower_o.o(.text) refers to ctype_o.o(.text) for __rt_ctype_table
    isprint_o.o(.text) refers to ctype_o.o(.text) for __rt_ctype_table
    ispunct_o.o(.text) refers to ctype_o.o(.text) for __rt_ctype_table
    isspace_o.o(.text) refers to ctype_o.o(.text) for __rt_ctype_table
    isupper_o.o(.text) refers to ctype_o.o(.text) for __rt_ctype_table
    isxdigit_o.o(.text) refers to ctype_o.o(.text) for __rt_ctype_table
    _strtoul.o(.text) refers to _chval.o(.text) for _chval
    _strtoul.o(.text) refers to errno.o(i.__aeabi_errno_addr) for __aeabi_errno_addr
    depilogue.o(.text) refers to llshl.o(.text) for __aeabi_llsl
    depilogue.o(.text) refers to llushr.o(.text) for __aeabi_llsr


==============================================================================

Removing Unused input sections from the image.

    Removing startup_stm32f10x_hd.o(HEAP), (512 bytes).
    Removing core_cm3.o(.emb_text), (32 bytes).
    Removing os_mutex.o(.text), (1672 bytes).
    Removing os_sem.o(.text), (1032 bytes).
    Removing os_dbg.o(.constdata), (2 bytes).
    Removing dadd.o(.text), (332 bytes).
    Removing dmul.o(.text), (224 bytes).
    Removing ddiv.o(.text), (222 bytes).
    Removing dfixul.o(.text), (48 bytes).
    Removing cdrcmple.o(.text), (40 bytes).
    Removing depilogue.o(.text), (190 bytes).

11 unused section(s) (total 4306 bytes) removed from the image.

==============================================================================

Image Symbol Table

    Local Symbols

    Symbol Name                              Value     Ov Type        Size  Object(Section)

    ../../microlib/ctype/ctype.c             0x00000000   Number         0  iscntrl_o.o ABSOLUTE
    ../../microlib/ctype/ctype.c             0x00000000   Number         0  isxdigit_o.o ABSOLUTE
    ../../microlib/ctype/ctype.c             0x00000000   Number         0  isdigit_o.o ABSOLUTE
    ../../microlib/ctype/ctype.c             0x00000000   Number         0  isgraph_o.o ABSOLUTE
    ../../microlib/ctype/ctype.c             0x00000000   Number         0  isprint_o.o ABSOLUTE
    ../../microlib/ctype/ctype.c             0x00000000   Number         0  islower_o.o ABSOLUTE
    ../../microlib/ctype/ctype.c             0x00000000   Number         0  isspace_o.o ABSOLUTE
    ../../microlib/ctype/ctype.c             0x00000000   Number         0  ispunct_o.o ABSOLUTE
    ../../microlib/ctype/ctype.c             0x00000000   Number         0  isupper_o.o ABSOLUTE
    ../../microlib/ctype/ctype.c             0x00000000   Number         0  isblank_o.o ABSOLUTE
    ../../microlib/ctype/ctype.c             0x00000000   Number         0  isalnum_o.o ABSOLUTE
    ../../microlib/ctype/ctype.c             0x00000000   Number         0  ctype_o.o ABSOLUTE
    ../../microlib/ctype/ctype.c             0x00000000   Number         0  isalpha_o.o ABSOLUTE
    ../../microlib/division.c                0x00000000   Number         0  uidiv.o ABSOLUTE
    ../../microlib/division.c                0x00000000   Number         0  uldiv.o ABSOLUTE
    ../../microlib/errno.c                   0x00000000   Number         0  errno.o ABSOLUTE
    ../../microlib/fpadd.c                   0x00000000   Number         0  dadd.o ABSOLUTE
    ../../microlib/fpdiv.c                   0x00000000   Number         0  ddiv.o ABSOLUTE
    ../../microlib/fpepilogue.c              0x00000000   Number         0  depilogue.o ABSOLUTE
    ../../microlib/fpfix.c                   0x00000000   Number         0  dfixul.o ABSOLUTE
    ../../microlib/fpmul.c                   0x00000000   Number         0  dmul.o ABSOLUTE
    ../../microlib/init/entry.s              0x00000000   Number         0  entry7a.o ABSOLUTE
    ../../microlib/init/entry.s              0x00000000   Number         0  entry8.o ABSOLUTE
    ../../microlib/init/entry.s              0x00000000   Number         0  entry7b.o ABSOLUTE
    ../../microlib/init/entry.s              0x00000000   Number         0  entry5.o ABSOLUTE
    ../../microlib/init/entry.s              0x00000000   Number         0  entry2.o ABSOLUTE
    ../../microlib/init/entry.s              0x00000000   Number         0  entry.o ABSOLUTE
    ../../microlib/longlong.c                0x00000000   Number         0  llsshr.o ABSOLUTE
    ../../microlib/longlong.c                0x00000000   Number         0  llushr.o ABSOLUTE
    ../../microlib/longlong.c                0x00000000   Number         0  llshl.o ABSOLUTE
    ../../microlib/printf/printf.c           0x00000000   Number         0  printf7.o ABSOLUTE
    ../../microlib/printf/printf.c           0x00000000   Number         0  printf6.o ABSOLUTE
    ../../microlib/printf/printf.c           0x00000000   Number         0  printf5.o ABSOLUTE
    ../../microlib/printf/printf.c           0x00000000   Number         0  printf4.o ABSOLUTE
    ../../microlib/printf/printf.c           0x00000000   Number         0  printf3.o ABSOLUTE
    ../../microlib/printf/printf.c           0x00000000   Number         0  printf1.o ABSOLUTE
    ../../microlib/printf/printf.c           0x00000000   Number         0  printf2.o ABSOLUTE
    ../../microlib/printf/printf.c           0x00000000   Number         0  printf0.o ABSOLUTE
    ../../microlib/printf/printf.c           0x00000000   Number         0  printf8.o ABSOLUTE
    ../../microlib/printf/printf.c           0x00000000   Number         0  printfb.o ABSOLUTE
    ../../microlib/printf/printf.c           0x00000000   Number         0  printfa.o ABSOLUTE
    ../../microlib/printf/stubs.s            0x00000000   Number         0  stubs.o ABSOLUTE
    ../../microlib/stdio/streams.c           0x00000000   Number         0  stdout.o ABSOLUTE
    ../../microlib/stubs.s                   0x00000000   Number         0  iusefp.o ABSOLUTE
    ../../scanf.c                            0x00000000   Number         0  _chval.o ABSOLUTE
    ../../scanf.c                            0x00000000   Number         0  _strtoul.o ABSOLUTE
    ../../scanf.c                            0x00000000   Number         0  strtol.o ABSOLUTE
    ../../scanf.c                            0x00000000   Number         0  atoi.o ABSOLUTE
    ..\APP\app.c                             0x00000000   Number         0  app.o ABSOLUTE
    ..\BSP\BSP.c                             0x00000000   Number         0  bsp.o ABSOLUTE
    ..\BSP\led.c                             0x00000000   Number         0  led.o ABSOLUTE
    ..\BSP\usart1.c                          0x00000000   Number         0  usart1.o ABSOLUTE
    ..\CMSIS\core_cm3.c                      0x00000000   Number         0  core_cm3.o ABSOLUTE
    ..\CMSIS\startup\startup_stm32f10x_hd.s  0x00000000   Number         0  startup_stm32f10x_hd.o ABSOLUTE
    ..\CMSIS\system_stm32f10x.c              0x00000000   Number         0  system_stm32f10x.o ABSOLUTE
    ..\FWlib\src\misc.c                      0x00000000   Number         0  misc.o ABSOLUTE
    ..\FWlib\src\stm32f10x_gpio.c            0x00000000   Number         0  stm32f10x_gpio.o ABSOLUTE
    ..\FWlib\src\stm32f10x_rcc.c             0x00000000   Number         0  stm32f10x_rcc.o ABSOLUTE
    ..\FWlib\src\stm32f10x_usart.c           0x00000000   Number         0  stm32f10x_usart.o ABSOLUTE
    ..\\CMSIS\\core_cm3.c                    0x00000000   Number         0  core_cm3.o ABSOLUTE
    ..\uCOS-II\Ports\os_cpu_a.asm            0x00000000   Number         0  os_cpu_a.o ABSOLUTE
    ..\uCOS-II\Ports\os_cpu_c.c              0x00000000   Number         0  os_cpu_c.o ABSOLUTE
    ..\uCOS-II\Ports\os_dbg.c                0x00000000   Number         0  os_dbg.o ABSOLUTE
    ..\uCOS-II\Source\os_core.c              0x00000000   Number         0  os_core.o ABSOLUTE
    ..\uCOS-II\Source\os_flag.c              0x00000000   Number         0  os_flag.o ABSOLUTE
    ..\uCOS-II\Source\os_mbox.c              0x00000000   Number         0  os_mbox.o ABSOLUTE
    ..\uCOS-II\Source\os_mem.c               0x00000000   Number         0  os_mem.o ABSOLUTE
    ..\uCOS-II\Source\os_mutex.c             0x00000000   Number         0  os_mutex.o ABSOLUTE
    ..\uCOS-II\Source\os_q.c                 0x00000000   Number         0  os_q.o ABSOLUTE
    ..\uCOS-II\Source\os_sem.c               0x00000000   Number         0  os_sem.o ABSOLUTE
    ..\uCOS-II\Source\os_task.c              0x00000000   Number         0  os_task.o ABSOLUTE
    ..\uCOS-II\Source\os_time.c              0x00000000   Number         0  os_time.o ABSOLUTE
    ..\uCOS-II\Source\os_tmr.c               0x00000000   Number         0  os_tmr.o ABSOLUTE
    cdrcmple.s                               0x00000000   Number         0  cdrcmple.o ABSOLUTE
    dc.s                                     0x00000000   Number         0  dc.o ABSOLUTE
    handlers.s                               0x00000000   Number         0  handlers.o ABSOLUTE
    init.s                                   0x00000000   Number         0  init.o ABSOLUTE
    main.c                                   0x00000000   Number         0  main.o ABSOLUTE
    stm32f10x_it.c                           0x00000000   Number         0  stm32f10x_it.o ABSOLUTE
    RESET                                    0x08000000   Section      304  startup_stm32f10x_hd.o(RESET)
    .ARM.Collect$$$$00000000                 0x08000130   Section        0  entry.o(.ARM.Collect$$$$00000000)
    .ARM.Collect$$$$00000001                 0x08000130   Section        4  entry2.o(.ARM.Collect$$$$00000001)
    .ARM.Collect$$$$00000004                 0x08000134   Section        4  entry5.o(.ARM.Collect$$$$00000004)
    .ARM.Collect$$$$00000008                 0x08000138   Section        0  entry7b.o(.ARM.Collect$$$$00000008)
    .ARM.Collect$$$$00000009                 0x08000138   Section        8  entry8.o(.ARM.Collect$$$$00000009)
    .ARM.Collect$$$$00002712                 0x08000140   Section        4  entry2.o(.ARM.Collect$$$$00002712)
    __lit__00000000                          0x08000140   Data           4  entry2.o(.ARM.Collect$$$$00002712)
    .text                                    0x08000144   Section       36  startup_stm32f10x_hd.o(.text)
    .text                                    0x08000168   Section        0  main.o(.text)
    .text                                    0x080001ac   Section        0  stm32f10x_it.o(.text)
    .text                                    0x080002ac   Section        0  stm32f10x_gpio.o(.text)
    .text                                    0x08000604   Section        0  stm32f10x_rcc.o(.text)
    .text                                    0x080009a4   Section        0  stm32f10x_usart.o(.text)
    .text                                    0x08000dd4   Section        0  misc.o(.text)
    .text                                    0x08000eb0   Section        0  system_stm32f10x.o(.text)
    SetSysClockTo72                          0x08000eb1   Thumb Code   192  system_stm32f10x.o(.text)
    SetSysClock                              0x08000f71   Thumb Code     8  system_stm32f10x.o(.text)
    .text                                    0x08001078   Section        0  bsp.o(.text)
    .text                                    0x08001108   Section        0  led.o(.text)
    .text                                    0x0800113c   Section        0  usart1.o(.text)
    .text                                    0x080011d8   Section        0  app.o(.text)
    Task_Serial                              0x080011ef   Thumb Code   120  app.o(.text)
    .text                                    0x080013d8   Section        0  os_core.o(.text)
    OS_InitTaskStat                          0x080015bb   Thumb Code    52  os_core.o(.text)
    OS_InitTaskIdle                          0x0800160f   Thumb Code    52  os_core.o(.text)
    OS_InitEventList                         0x08001655   Thumb Code    70  os_core.o(.text)
    OS_InitTCBList                           0x0800169b   Thumb Code    86  os_core.o(.text)
    OS_InitRdyList                           0x080016f1   Thumb Code    46  os_core.o(.text)
    OS_InitMisc                              0x0800171f   Thumb Code    44  os_core.o(.text)
    OS_SchedNew                              0x08001797   Thumb Code    26  os_core.o(.text)
    .text                                    0x08001d9c   Section        0  os_flag.o(.text)
    OS_FlagTaskRdy                           0x08001f2f   Thumb Code    96  os_flag.o(.text)
    OS_FlagBlock                             0x08002165   Thumb Code   152  os_flag.o(.text)
    .text                                    0x08002664   Section        0  os_mbox.o(.text)
    .text                                    0x08002ab0   Section        0  os_mem.o(.text)
    .text                                    0x08002d38   Section        0  os_q.o(.text)
    .text                                    0x08003398   Section        0  os_task.o(.text)
    .text                                    0x08003bcc   Section        0  os_time.o(.text)
    .text                                    0x08003dc4   Section        0  os_cpu_c.o(.text)
    .text                                    0x08003e70   Section      164  os_cpu_a.o(.text)
    .text                                    0x08003f14   Section        0  atoi.o(.text)
    .text                                    0x08003f2e   Section        0  uidiv.o(.text)
    .text                                    0x08003f5a   Section        0  strtol.o(.text)
    .text                                    0x08003fcc   Section       36  init.o(.text)
    .text                                    0x08003ff0   Section        0  ctype_o.o(.text)
    .text                                    0x08003ff8   Section        0  _strtoul.o(.text)
    .text                                    0x08004096   Section        0  _chval.o(.text)
    i.__0printf$1                            0x080040b4   Section        0  printf1.o(i.__0printf$1)
    i.__aeabi_errno_addr                     0x080040d4   Section        0  errno.o(i.__aeabi_errno_addr)
    i.__scatterload_copy                     0x080040dc   Section       14  handlers.o(i.__scatterload_copy)
    i.__scatterload_null                     0x080040ea   Section        2  handlers.o(i.__scatterload_null)
    i.__scatterload_zeroinit                 0x080040ec   Section       14  handlers.o(i.__scatterload_zeroinit)
    i._printf_core                           0x080040fc   Section        0  printf1.o(i._printf_core)
    _printf_core                             0x080040fd   Thumb Code   332  printf1.o(i._printf_core)
    .constdata                               0x0800424c   Section      256  os_core.o(.constdata)
    .constdata                               0x0800434c   Section      129  ctype_o.o(.constdata)
    .constdata                               0x080043d0   Section        4  ctype_o.o(.constdata)
    table                                    0x080043d0   Data           4  ctype_o.o(.constdata)
    .data                                    0x20000000   Section       36  main.o(.data)
    .data                                    0x20000024   Section       20  stm32f10x_rcc.o(.data)
    APBAHBPrescTable                         0x20000024   Data          16  stm32f10x_rcc.o(.data)
    ADCPrescTable                            0x20000034   Data           4  stm32f10x_rcc.o(.data)
    .data                                    0x20000038   Section       20  system_stm32f10x.o(.data)
    .data                                    0x2000004c   Section        4  app.o(.data)
    .data                                    0x20000050   Section       72  os_core.o(.data)
    .data                                    0x20000098   Section        4  stdout.o(.data)
    .data                                    0x2000009c   Section        4  errno.o(.data)
    _errno                                   0x2000009c   Data           4  errno.o(.data)
    .bss                                     0x200000a0   Section     1120  main.o(.bss)
    .bss                                     0x20000500   Section     1280  app.o(.bss)
    .bss                                     0x20000a00   Section     3472  os_core.o(.bss)
    STACK                                    0x20001790   Section     1024  startup_stm32f10x_hd.o(STACK)

    Global Symbols

    Symbol Name                              Value     Ov Type        Size  Object(Section)

    BuildAttributes$$THM_ISAv4$P$D$K$B$S$PE$A:L22UL41UL21$X:L11$S22US41US21$IEEE1$IW$USESV6$~STKCKD$USESV7$~SHL$OSPACE$ROPI$EBA8$MICROLIB$REQ8$PRES8$EABIv2 0x00000000   Number         0  anon$$obj.o ABSOLUTE
    __ARM_use_no_argv                        0x00000000   Number         0  main.o ABSOLUTE
    _printf_a                                0x00000000   Number         0  stubs.o ABSOLUTE
    _printf_c                                0x00000000   Number         0  stubs.o ABSOLUTE
    _printf_charcount                        0x00000000   Number         0  stubs.o ABSOLUTE
    _printf_d                                0x00000000   Number         0  stubs.o ABSOLUTE
    _printf_e                                0x00000000   Number         0  stubs.o ABSOLUTE
    _printf_f                                0x00000000   Number         0  stubs.o ABSOLUTE
    _printf_flags                            0x00000000   Number         0  stubs.o ABSOLUTE
    _printf_fp_dec                           0x00000000   Number         0  stubs.o ABSOLUTE
    _printf_fp_hex                           0x00000000   Number         0  stubs.o ABSOLUTE
    _printf_g                                0x00000000   Number         0  stubs.o ABSOLUTE
    _printf_i                                0x00000000   Number         0  stubs.o ABSOLUTE
    _printf_int_dec                          0x00000000   Number         0  stubs.o ABSOLUTE
    _printf_l                                0x00000000   Number         0  stubs.o ABSOLUTE
    _printf_lc                               0x00000000   Number         0  stubs.o ABSOLUTE
    _printf_ll                               0x00000000   Number         0  stubs.o ABSOLUTE
    _printf_lld                              0x00000000   Number         0  stubs.o ABSOLUTE
    _printf_lli                              0x00000000   Number         0  stubs.o ABSOLUTE
    _printf_llo                              0x00000000   Number         0  stubs.o ABSOLUTE
    _printf_llu                              0x00000000   Number         0  stubs.o ABSOLUTE
    _printf_llx                              0x00000000   Number         0  stubs.o ABSOLUTE
    _printf_longlong_dec                     0x00000000   Number         0  stubs.o ABSOLUTE
    _printf_longlong_hex                     0x00000000   Number         0  stubs.o ABSOLUTE
    _printf_longlong_oct                     0x00000000   Number         0  stubs.o ABSOLUTE
    _printf_ls                               0x00000000   Number         0  stubs.o ABSOLUTE
    _printf_mbtowc                           0x00000000   Number         0  stubs.o ABSOLUTE
    _printf_n                                0x00000000   Number         0  stubs.o ABSOLUTE
    _printf_o                                0x00000000   Number         0  stubs.o ABSOLUTE
    _printf_p                                0x00000000   Number         0  stubs.o ABSOLUTE
    _printf_percent                          0x00000000   Number         0  stubs.o ABSOLUTE
    _printf_pre_padding                      0x00000000   Number         0  stubs.o ABSOLUTE
    _printf_return_value                     0x00000000   Number         0  stubs.o ABSOLUTE
    _printf_s                                0x00000000   Number         0  stubs.o ABSOLUTE
    _printf_sizespec                         0x00000000   Number         0  stubs.o ABSOLUTE
    _printf_str                              0x00000000   Number         0  stubs.o ABSOLUTE
    _printf_truncate_signed                  0x00000000   Number         0  stubs.o ABSOLUTE
    _printf_truncate_unsigned                0x00000000   Number         0  stubs.o ABSOLUTE
    _printf_u                                0x00000000   Number         0  stubs.o ABSOLUTE
    _printf_wc                               0x00000000   Number         0  stubs.o ABSOLUTE
    _printf_wctomb                           0x00000000   Number         0  stubs.o ABSOLUTE
    _printf_widthprec                        0x00000000   Number         0  stubs.o ABSOLUTE
    _printf_x                                0x00000000   Number         0  stubs.o ABSOLUTE
    __decompress                              - Undefined Weak Reference
    _clock_init                               - Undefined Weak Reference
    __Vectors_Size                           0x00000130   Number         0  startup_stm32f10x_hd.o ABSOLUTE
    __Vectors                                0x08000000   Data           4  startup_stm32f10x_hd.o(RESET)
    __Vectors_End                            0x08000130   Data           0  startup_stm32f10x_hd.o(RESET)
    __main                                   0x08000131   Thumb Code     0  entry.o(.ARM.Collect$$$$00000000)
    _main_stk                                0x08000131   Thumb Code     0  entry2.o(.ARM.Collect$$$$00000001)
    _main_scatterload                        0x08000135   Thumb Code     0  entry5.o(.ARM.Collect$$$$00000004)
    __main_after_scatterload                 0x08000139   Thumb Code     0  entry5.o(.ARM.Collect$$$$00000004)
    _main_clock                              0x08000139   Thumb Code     0  entry7b.o(.ARM.Collect$$$$00000008)
    _main_init                               0x08000139   Thumb Code     0  entry8.o(.ARM.Collect$$$$00000009)
    Reset_Handler                            0x08000145   Thumb Code     8  startup_stm32f10x_hd.o(.text)
    ADC1_2_IRQHandler                        0x0800015f   Thumb Code     0  startup_stm32f10x_hd.o(.text)
    ADC3_IRQHandler                          0x0800015f   Thumb Code     0  startup_stm32f10x_hd.o(.text)
    CAN1_RX1_IRQHandler                      0x0800015f   Thumb Code     0  startup_stm32f10x_hd.o(.text)
    CAN1_SCE_IRQHandler                      0x0800015f   Thumb Code     0  startup_stm32f10x_hd.o(.text)
    DMA1_Channel1_IRQHandler                 0x0800015f   Thumb Code     0  startup_stm32f10x_hd.o(.text)
    DMA1_Channel2_IRQHandler                 0x0800015f   Thumb Code     0  startup_stm32f10x_hd.o(.text)
    DMA1_Channel3_IRQHandler                 0x0800015f   Thumb Code     0  startup_stm32f10x_hd.o(.text)
    DMA1_Channel4_IRQHandler                 0x0800015f   Thumb Code     0  startup_stm32f10x_hd.o(.text)
    DMA1_Channel5_IRQHandler                 0x0800015f   Thumb Code     0  startup_stm32f10x_hd.o(.text)
    DMA1_Channel6_IRQHandler                 0x0800015f   Thumb Code     0  startup_stm32f10x_hd.o(.text)
    DMA1_Channel7_IRQHandler                 0x0800015f   Thumb Code     0  startup_stm32f10x_hd.o(.text)
    DMA2_Channel1_IRQHandler                 0x0800015f   Thumb Code     0  startup_stm32f10x_hd.o(.text)
    DMA2_Channel2_IRQHandler                 0x0800015f   Thumb Code     0  startup_stm32f10x_hd.o(.text)
    DMA2_Channel3_IRQHandler                 0x0800015f   Thumb Code     0  startup_stm32f10x_hd.o(.text)
    DMA2_Channel4_5_IRQHandler               0x0800015f   Thumb Code     0  startup_stm32f10x_hd.o(.text)
    EXTI0_IRQHandler                         0x0800015f   Thumb Code     0  startup_stm32f10x_hd.o(.text)
    EXTI15_10_IRQHandler                     0x0800015f   Thumb Code     0  startup_stm32f10x_hd.o(.text)
    EXTI1_IRQHandler                         0x0800015f   Thumb Code     0  startup_stm32f10x_hd.o(.text)
    EXTI2_IRQHandler                         0x0800015f   Thumb Code     0  startup_stm32f10x_hd.o(.text)
    EXTI3_IRQHandler                         0x0800015f   Thumb Code     0  startup_stm32f10x_hd.o(.text)
    EXTI4_IRQHandler                         0x0800015f   Thumb Code     0  startup_stm32f10x_hd.o(.text)
    EXTI9_5_IRQHandler                       0x0800015f   Thumb Code     0  startup_stm32f10x_hd.o(.text)
    FLASH_IRQHandler                         0x0800015f   Thumb Code     0  startup_stm32f10x_hd.o(.text)
    FSMC_IRQHandler                          0x0800015f   Thumb Code     0  startup_stm32f10x_hd.o(.text)
    I2C1_ER_IRQHandler                       0x0800015f   Thumb Code     0  startup_stm32f10x_hd.o(.text)
    I2C1_EV_IRQHandler                       0x0800015f   Thumb Code     0  startup_stm32f10x_hd.o(.text)
    I2C2_ER_IRQHandler                       0x0800015f   Thumb Code     0  startup_stm32f10x_hd.o(.text)
    I2C2_EV_IRQHandler                       0x0800015f   Thumb Code     0  startup_stm32f10x_hd.o(.text)
    PVD_IRQHandler                           0x0800015f   Thumb Code     0  startup_stm32f10x_hd.o(.text)
    RCC_IRQHandler                           0x0800015f   Thumb Code     0  startup_stm32f10x_hd.o(.text)
    RTCAlarm_IRQHandler                      0x0800015f   Thumb Code     0  startup_stm32f10x_hd.o(.text)
    RTC_IRQHandler                           0x0800015f   Thumb Code     0  startup_stm32f10x_hd.o(.text)
    SDIO_IRQHandler                          0x0800015f   Thumb Code     0  startup_stm32f10x_hd.o(.text)
    SPI1_IRQHandler                          0x0800015f   Thumb Code     0  startup_stm32f10x_hd.o(.text)
    SPI2_IRQHandler                          0x0800015f   Thumb Code     0  startup_stm32f10x_hd.o(.text)
    SPI3_IRQHandler                          0x0800015f   Thumb Code     0  startup_stm32f10x_hd.o(.text)
    TAMPER_IRQHandler                        0x0800015f   Thumb Code     0  startup_stm32f10x_hd.o(.text)
    TIM1_BRK_IRQHandler                      0x0800015f   Thumb Code     0  startup_stm32f10x_hd.o(.text)
    TIM1_CC_IRQHandler                       0x0800015f   Thumb Code     0  startup_stm32f10x_hd.o(.text)
    TIM1_TRG_COM_IRQHandler                  0x0800015f   Thumb Code     0  startup_stm32f10x_hd.o(.text)
    TIM1_UP_IRQHandler                       0x0800015f   Thumb Code     0  startup_stm32f10x_hd.o(.text)
    TIM2_IRQHandler                          0x0800015f   Thumb Code     0  startup_stm32f10x_hd.o(.text)
    TIM3_IRQHandler                          0x0800015f   Thumb Code     0  startup_stm32f10x_hd.o(.text)
    TIM4_IRQHandler                          0x0800015f   Thumb Code     0  startup_stm32f10x_hd.o(.text)
    TIM5_IRQHandler                          0x0800015f   Thumb Code     0  startup_stm32f10x_hd.o(.text)
    TIM6_IRQHandler                          0x0800015f   Thumb Code     0  startup_stm32f10x_hd.o(.text)
    TIM7_IRQHandler                          0x0800015f   Thumb Code     0  startup_stm32f10x_hd.o(.text)
    TIM8_BRK_IRQHandler                      0x0800015f   Thumb Code     0  startup_stm32f10x_hd.o(.text)
    TIM8_CC_IRQHandler                       0x0800015f   Thumb Code     0  startup_stm32f10x_hd.o(.text)
    TIM8_TRG_COM_IRQHandler                  0x0800015f   Thumb Code     0  startup_stm32f10x_hd.o(.text)
    TIM8_UP_IRQHandler                       0x0800015f   Thumb Code     0  startup_stm32f10x_hd.o(.text)
    UART4_IRQHandler                         0x0800015f   Thumb Code     0  startup_stm32f10x_hd.o(.text)
    UART5_IRQHandler                         0x0800015f   Thumb Code     0  startup_stm32f10x_hd.o(.text)
    USART2_IRQHandler                        0x0800015f   Thumb Code     0  startup_stm32f10x_hd.o(.text)
    USART3_IRQHandler                        0x0800015f   Thumb Code     0  startup_stm32f10x_hd.o(.text)
    USBWakeUp_IRQHandler                     0x0800015f   Thumb Code     0  startup_stm32f10x_hd.o(.text)
    USB_HP_CAN1_TX_IRQHandler                0x0800015f   Thumb Code     0  startup_stm32f10x_hd.o(.text)
    USB_LP_CAN1_RX0_IRQHandler               0x0800015f   Thumb Code     0  startup_stm32f10x_hd.o(.text)
    WWDG_IRQHandler                          0x0800015f   Thumb Code     0  startup_stm32f10x_hd.o(.text)
    main                                     0x08000169   Thumb Code    48  main.o(.text)
    NMI_Handler                              0x080001ad   Thumb Code     2  stm32f10x_it.o(.text)
    HardFault_Handler                        0x080001af   Thumb Code     4  stm32f10x_it.o(.text)
    MemManage_Handler                        0x080001b3   Thumb Code     4  stm32f10x_it.o(.text)
    BusFault_Handler                         0x080001b7   Thumb Code     4  stm32f10x_it.o(.text)
    UsageFault_Handler                       0x080001bb   Thumb Code     4  stm32f10x_it.o(.text)
    SVC_Handler                              0x080001bf   Thumb Code     2  stm32f10x_it.o(.text)
    DebugMon_Handler                         0x080001c1   Thumb Code     2  stm32f10x_it.o(.text)
    PendSV_Handler                           0x080001c3   Thumb Code     2  stm32f10x_it.o(.text)
    SysTick_Handler                          0x080001c5   Thumb Code    12  stm32f10x_it.o(.text)
    USART1_IRQHandler                        0x080001d1   Thumb Code   194  stm32f10x_it.o(.text)
    GPIO_DeInit                              0x080002ad   Thumb Code   172  stm32f10x_gpio.o(.text)
    GPIO_AFIODeInit                          0x08000359   Thumb Code    20  stm32f10x_gpio.o(.text)
    GPIO_Init                                0x0800036d   Thumb Code   274  stm32f10x_gpio.o(.text)
    GPIO_StructInit                          0x0800047f   Thumb Code    16  stm32f10x_gpio.o(.text)
    GPIO_ReadInputDataBit                    0x0800048f   Thumb Code    18  stm32f10x_gpio.o(.text)
    GPIO_ReadInputData                       0x080004a1   Thumb Code     8  stm32f10x_gpio.o(.text)
    GPIO_ReadOutputDataBit                   0x080004a9   Thumb Code    18  stm32f10x_gpio.o(.text)
    GPIO_ReadOutputData                      0x080004bb   Thumb Code     8  stm32f10x_gpio.o(.text)
    GPIO_SetBits                             0x080004c3   Thumb Code     4  stm32f10x_gpio.o(.text)
    GPIO_ResetBits                           0x080004c7   Thumb Code     4  stm32f10x_gpio.o(.text)
    GPIO_WriteBit                            0x080004cb   Thumb Code    10  stm32f10x_gpio.o(.text)
    GPIO_Write                               0x080004d5   Thumb Code     4  stm32f10x_gpio.o(.text)
    GPIO_PinLockConfig                       0x080004d9   Thumb Code    18  stm32f10x_gpio.o(.text)
    GPIO_EventOutputConfig                   0x080004eb   Thumb Code    26  stm32f10x_gpio.o(.text)
    GPIO_EventOutputCmd                      0x08000505   Thumb Code     6  stm32f10x_gpio.o(.text)
    GPIO_PinRemapConfig                      0x0800050b   Thumb Code   138  stm32f10x_gpio.o(.text)
    GPIO_EXTILineConfig                      0x08000595   Thumb Code    66  stm32f10x_gpio.o(.text)
    GPIO_ETH_MediaInterfaceConfig            0x080005d7   Thumb Code     6  stm32f10x_gpio.o(.text)
    RCC_DeInit                               0x08000605   Thumb Code    64  stm32f10x_rcc.o(.text)
    RCC_HSEConfig                            0x08000645   Thumb Code    70  stm32f10x_rcc.o(.text)
    RCC_GetFlagStatus                        0x0800068b   Thumb Code    56  stm32f10x_rcc.o(.text)
    RCC_WaitForHSEStartUp                    0x080006c3   Thumb Code    48  stm32f10x_rcc.o(.text)
    RCC_AdjustHSICalibrationValue            0x080006f3   Thumb Code    20  stm32f10x_rcc.o(.text)
    RCC_HSICmd                               0x08000707   Thumb Code     6  stm32f10x_rcc.o(.text)
    RCC_PLLConfig                            0x0800070d   Thumb Code    24  stm32f10x_rcc.o(.text)
    RCC_PLLCmd                               0x08000725   Thumb Code     6  stm32f10x_rcc.o(.text)
    RCC_SYSCLKConfig                         0x0800072b   Thumb Code    18  stm32f10x_rcc.o(.text)
    RCC_GetSYSCLKSource                      0x0800073d   Thumb Code    10  stm32f10x_rcc.o(.text)
    RCC_HCLKConfig                           0x08000747   Thumb Code    18  stm32f10x_rcc.o(.text)
    RCC_PCLK1Config                          0x08000759   Thumb Code    18  stm32f10x_rcc.o(.text)
    RCC_PCLK2Config                          0x0800076b   Thumb Code    20  stm32f10x_rcc.o(.text)
    RCC_ITConfig                             0x0800077f   Thumb Code    30  stm32f10x_rcc.o(.text)
    RCC_USBCLKConfig                         0x0800079d   Thumb Code     6  stm32f10x_rcc.o(.text)
    RCC_ADCCLKConfig                         0x080007a3   Thumb Code    18  stm32f10x_rcc.o(.text)
    RCC_LSEConfig                            0x080007b5   Thumb Code    44  stm32f10x_rcc.o(.text)
    RCC_LSICmd                               0x080007e1   Thumb Code     6  stm32f10x_rcc.o(.text)
    RCC_RTCCLKConfig                         0x080007e7   Thumb Code    12  stm32f10x_rcc.o(.text)
    RCC_RTCCLKCmd                            0x080007f3   Thumb Code     8  stm32f10x_rcc.o(.text)
    RCC_GetClocksFreq                        0x080007fb   Thumb Code   192  stm32f10x_rcc.o(.text)
    RCC_AHBPeriphClockCmd                    0x080008bb   Thumb Code    26  stm32f10x_rcc.o(.text)
    RCC_APB2PeriphClockCmd                   0x080008d5   Thumb Code    26  stm32f10x_rcc.o(.text)
    RCC_APB1PeriphClockCmd                   0x080008ef   Thumb Code    26  stm32f10x_rcc.o(.text)
    RCC_APB2PeriphResetCmd                   0x08000909   Thumb Code    26  stm32f10x_rcc.o(.text)
    RCC_APB1PeriphResetCmd                   0x08000923   Thumb Code    26  stm32f10x_rcc.o(.text)
    RCC_BackupResetCmd                       0x0800093d   Thumb Code     8  stm32f10x_rcc.o(.text)
    RCC_ClockSecuritySystemCmd               0x08000945   Thumb Code     6  stm32f10x_rcc.o(.text)
    RCC_MCOConfig                            0x0800094b   Thumb Code     6  stm32f10x_rcc.o(.text)
    RCC_ClearFlag                            0x08000951   Thumb Code    14  stm32f10x_rcc.o(.text)
    RCC_GetITStatus                          0x0800095f   Thumb Code    20  stm32f10x_rcc.o(.text)
    RCC_ClearITPendingBit                    0x08000973   Thumb Code     6  stm32f10x_rcc.o(.text)
    USART_DeInit                             0x080009a5   Thumb Code   134  stm32f10x_usart.o(.text)
    USART_Init                               0x08000a2b   Thumb Code   210  stm32f10x_usart.o(.text)
    USART_StructInit                         0x08000afd   Thumb Code    24  stm32f10x_usart.o(.text)
    USART_ClockInit                          0x08000b15   Thumb Code    34  stm32f10x_usart.o(.text)
    USART_ClockStructInit                    0x08000b37   Thumb Code    12  stm32f10x_usart.o(.text)
    USART_Cmd                                0x08000b43   Thumb Code    24  stm32f10x_usart.o(.text)
    USART_ITConfig                           0x08000b5b   Thumb Code    74  stm32f10x_usart.o(.text)
    USART_DMACmd                             0x08000ba5   Thumb Code    24  stm32f10x_usart.o(.text)
    USART_SetAddress                         0x08000bbd   Thumb Code    18  stm32f10x_usart.o(.text)
    USART_WakeUpConfig                       0x08000bcf   Thumb Code    18  stm32f10x_usart.o(.text)
    USART_ReceiverWakeUpCmd                  0x08000be1   Thumb Code    24  stm32f10x_usart.o(.text)
    USART_LINBreakDetectLengthConfig         0x08000bf9   Thumb Code    18  stm32f10x_usart.o(.text)
    USART_LINCmd                             0x08000c0b   Thumb Code    24  stm32f10x_usart.o(.text)
    USART_SendData                           0x08000c23   Thumb Code     8  stm32f10x_usart.o(.text)
    USART_ReceiveData                        0x08000c2b   Thumb Code    10  stm32f10x_usart.o(.text)
    USART_SendBreak                          0x08000c35   Thumb Code    10  stm32f10x_usart.o(.text)
    USART_SetGuardTime                       0x08000c3f   Thumb Code    16  stm32f10x_usart.o(.text)
    USART_SetPrescaler                       0x08000c4f   Thumb Code    16  stm32f10x_usart.o(.text)
    USART_SmartCardCmd                       0x08000c5f   Thumb Code    24  stm32f10x_usart.o(.text)
    USART_SmartCardNACKCmd                   0x08000c77   Thumb Code    24  stm32f10x_usart.o(.text)
    USART_HalfDuplexCmd                      0x08000c8f   Thumb Code    24  stm32f10x_usart.o(.text)
    USART_OverSampling8Cmd                   0x08000ca7   Thumb Code    22  stm32f10x_usart.o(.text)
    USART_OneBitMethodCmd                    0x08000cbd   Thumb Code    24  stm32f10x_usart.o(.text)
    USART_IrDAConfig                         0x08000cd5   Thumb Code    18  stm32f10x_usart.o(.text)
    USART_IrDACmd                            0x08000ce7   Thumb Code    24  stm32f10x_usart.o(.text)
    USART_GetFlagStatus                      0x08000cff   Thumb Code    26  stm32f10x_usart.o(.text)
    USART_ClearFlag                          0x08000d19   Thumb Code    18  stm32f10x_usart.o(.text)
    USART_GetITStatus                        0x08000d2b   Thumb Code    84  stm32f10x_usart.o(.text)
    USART_ClearITPendingBit                  0x08000d7f   Thumb Code    50  stm32f10x_usart.o(.text)
    fputc                                    0x08000db1   Thumb Code    32  stm32f10x_usart.o(.text)
    NVIC_PriorityGroupConfig                 0x08000dd5   Thumb Code    10  misc.o(.text)
    NVIC_Init                                0x08000ddf   Thumb Code   102  misc.o(.text)
    NVIC_SetVectorTable                      0x08000e45   Thumb Code    14  misc.o(.text)
    NVIC_SystemLPConfig                      0x08000e53   Thumb Code    34  misc.o(.text)
    SysTick_CLKSourceConfig                  0x08000e75   Thumb Code    40  misc.o(.text)
    SystemInit                               0x08000f79   Thumb Code    78  system_stm32f10x.o(.text)
    SystemCoreClockUpdate                    0x08000fc7   Thumb Code   142  system_stm32f10x.o(.text)
    NVIC_Configuration                       0x08001079   Thumb Code    32  bsp.o(.text)
    SysTick_init                             0x08001099   Thumb Code    74  bsp.o(.text)
    BSP_Init                                 0x080010e3   Thumb Code    24  bsp.o(.text)
    LED_GPIO_Config                          0x08001109   Thumb Code    46  led.o(.text)
    USART1_Config                            0x0800113d   Thumb Code   146  usart1.o(.text)
    Task_Com                                 0x080011d9   Thumb Code    22  app.o(.text)
    Task_LED3                                0x08001267   Thumb Code    52  app.o(.text)
    Task_LED2                                0x0800129b   Thumb Code    52  app.o(.text)
    Task_Start                               0x080012cf   Thumb Code   116  app.o(.text)
    OS_StrCopy                               0x080013d9   Thumb Code    28  os_core.o(.text)
    OSEventNameGet                           0x080013f5   Thumb Code   126  os_core.o(.text)
    OS_StrLen                                0x08001473   Thumb Code    20  os_core.o(.text)
    OSEventNameSet                           0x08001487   Thumb Code   140  os_core.o(.text)
    OS_TaskStatStkChk                        0x08001513   Thumb Code    54  os_core.o(.text)
    OS_TaskStat                              0x08001549   Thumb Code   114  os_core.o(.text)
    OS_TaskIdle                              0x080015ef   Thumb Code    32  os_core.o(.text)
    OS_MemClr                                0x08001643   Thumb Code    18  os_core.o(.text)
    OSInit                                   0x0800174b   Thumb Code    48  os_core.o(.text)
    OSIntEnter                               0x0800177b   Thumb Code    28  os_core.o(.text)
    OSIntExit                                0x080017b1   Thumb Code   262  os_core.o(.text)
    OSSchedLock                              0x080018b7   Thumb Code    50  os_core.o(.text)
    OS_Sched                                 0x080018e9   Thumb Code    86  os_core.o(.text)
    OSSchedUnlock                            0x0800193f   Thumb Code    84  os_core.o(.text)
    OSStart                                  0x08001993   Thumb Code    48  os_core.o(.text)
    OSStatInit                               0x080019c3   Thumb Code    62  os_core.o(.text)
    OSTimeTick                               0x08001a01   Thumb Code   220  os_core.o(.text)
    OSVersion                                0x08001add   Thumb Code     6  os_core.o(.text)
    OS_Dummy                                 0x08001ae3   Thumb Code     2  os_core.o(.text)
    OS_EventTaskRemove                       0x08001ae5   Thumb Code    42  os_core.o(.text)
    OS_EventTaskRdy                          0x08001b0f   Thumb Code   118  os_core.o(.text)
    OS_EventTaskWait                         0x08001b85   Thumb Code   112  os_core.o(.text)
    OS_EventWaitListInit                     0x08001bf5   Thumb Code    28  os_core.o(.text)
    OS_MemCopy                               0x08001c11   Thumb Code    20  os_core.o(.text)
    OS_TCBInit                               0x08001c25   Thumb Code   356  os_core.o(.text)
    OSFlagAccept                             0x08001d9d   Thumb Code   268  os_flag.o(.text)
    OSFlagCreate                             0x08001ea9   Thumb Code    98  os_flag.o(.text)
    OS_FlagUnlink                            0x08001f0b   Thumb Code    36  os_flag.o(.text)
    OSFlagDel                                0x08001f8f   Thumb Code   240  os_flag.o(.text)
    OSFlagNameGet                            0x0800207f   Thumb Code   108  os_flag.o(.text)
    OSFlagNameSet                            0x080020eb   Thumb Code   122  os_flag.o(.text)
    OSFlagPend                               0x080021fd   Thumb Code   630  os_flag.o(.text)
    OSFlagPendGetFlagsRdy                    0x08002473   Thumb Code    26  os_flag.o(.text)
    OSFlagPost                               0x0800248d   Thumb Code   326  os_flag.o(.text)
    OSFlagQuery                              0x080025d3   Thumb Code    64  os_flag.o(.text)
    OS_FlagInit                              0x08002613   Thumb Code    68  os_flag.o(.text)
    OSMboxAccept                             0x08002665   Thumb Code    44  os_mbox.o(.text)
    OSMboxCreate                             0x08002691   Thumb Code    78  os_mbox.o(.text)
    OSMboxDel                                0x080026df   Thumb Code   236  os_mbox.o(.text)
    OSMboxPend                               0x080027cb   Thumb Code   266  os_mbox.o(.text)
    OSMboxPendAbort                          0x080028d5   Thumb Code   144  os_mbox.o(.text)
    OSMboxPost                               0x08002965   Thumb Code    92  os_mbox.o(.text)
    OSMboxPostOpt                            0x080029c1   Thumb Code   132  os_mbox.o(.text)
    OSMboxQuery                              0x08002a45   Thumb Code   106  os_mbox.o(.text)
    OSMemCreate                              0x08002ab1   Thumb Code   166  os_mem.o(.text)
    OSMemGet                                 0x08002b57   Thumb Code    78  os_mem.o(.text)
    OSMemNameGet                             0x08002ba5   Thumb Code    88  os_mem.o(.text)
    OSMemNameSet                             0x08002bfd   Thumb Code   104  os_mem.o(.text)
    OSMemPut                                 0x08002c65   Thumb Code    66  os_mem.o(.text)
    OSMemQuery                               0x08002ca7   Thumb Code    64  os_mem.o(.text)
    OS_MemInit                               0x08002ce7   Thumb Code    68  os_mem.o(.text)
    OSQAccept                                0x08002d39   Thumb Code   106  os_q.o(.text)
    OSQCreate                                0x08002da3   Thumb Code   150  os_q.o(.text)
    OSQDel                                   0x08002e39   Thumb Code   270  os_q.o(.text)
    OSQFlush                                 0x08002f47   Thumb Code    52  os_q.o(.text)
    OSQPend                                  0x08002f7b   Thumb Code   294  os_q.o(.text)
    OSQPendAbort                             0x080030a1   Thumb Code   144  os_q.o(.text)
    OSQPost                                  0x08003131   Thumb Code   140  os_q.o(.text)
    OSQPostFront                             0x080031bd   Thumb Code   122  os_q.o(.text)
    OSQPostOpt                               0x08003237   Thumb Code   188  os_q.o(.text)
    OSQQuery                                 0x080032f3   Thumb Code   112  os_q.o(.text)
    OS_QInit                                 0x08003363   Thumb Code    46  os_q.o(.text)
    OSTaskChangePrio                         0x08003399   Thumb Code   344  os_task.o(.text)
    OSTaskCreate                             0x080034f1   Thumb Code   158  os_task.o(.text)
    OS_TaskStkClr                            0x0800358f   Thumb Code    26  os_task.o(.text)
    OSTaskCreateExt                          0x080035a9   Thumb Code   180  os_task.o(.text)
    OSTaskDel                                0x0800365d   Thumb Code   318  os_task.o(.text)
    OSTaskDelReq                             0x0800379b   Thumb Code   152  os_task.o(.text)
    OSTaskNameGet                            0x08003833   Thumb Code   148  os_task.o(.text)
    OSTaskNameSet                            0x080038c7   Thumb Code   160  os_task.o(.text)
    OSTaskResume                             0x08003967   Thumb Code   168  os_task.o(.text)
    OSTaskStkChk                             0x08003a0f   Thumb Code   150  os_task.o(.text)
    OSTaskSuspend                            0x08003aa5   Thumb Code   172  os_task.o(.text)
    OSTaskQuery                              0x08003b51   Thumb Code   100  os_task.o(.text)
    OSTimeDly                                0x08003bcd   Thumb Code    96  os_time.o(.text)
    OSTimeDlyHMSM                            0x08003c2d   Thumb Code   160  os_time.o(.text)
    OSTimeDlyResume                          0x08003ccd   Thumb Code   176  os_time.o(.text)
    OSTimeGet                                0x08003d7d   Thumb Code    24  os_time.o(.text)
    OSTimeSet                                0x08003d95   Thumb Code    24  os_time.o(.text)
    OSInitHookBegin                          0x08003dc5   Thumb Code     2  os_cpu_c.o(.text)
    OSInitHookEnd                            0x08003dc7   Thumb Code     2  os_cpu_c.o(.text)
    OSTaskCreateHook                         0x08003dc9   Thumb Code     2  os_cpu_c.o(.text)
    OSTaskDelHook                            0x08003dcb   Thumb Code     2  os_cpu_c.o(.text)
    OSTaskIdleHook                           0x08003dcd   Thumb Code     2  os_cpu_c.o(.text)
    OSTaskStatHook                           0x08003dcf   Thumb Code     2  os_cpu_c.o(.text)
    OSTaskStkInit                            0x08003dd1   Thumb Code   154  os_cpu_c.o(.text)
    OSTaskSwHook                             0x08003e6b   Thumb Code     2  os_cpu_c.o(.text)
    OSTCBInitHook                            0x08003e6d   Thumb Code     2  os_cpu_c.o(.text)
    OSTimeTickHook                           0x08003e6f   Thumb Code     2  os_cpu_c.o(.text)
    OS_CPU_SR_Save                           0x08003e71   Thumb Code     0  os_cpu_a.o(.text)
    OS_CPU_SR_Restore                        0x08003e79   Thumb Code     0  os_cpu_a.o(.text)
    OSStartHighRdy                           0x08003e7f   Thumb Code     0  os_cpu_a.o(.text)
    OSCtxSw                                  0x08003e9f   Thumb Code     0  os_cpu_a.o(.text)
    OSIntCtxSw                               0x08003ea9   Thumb Code     0  os_cpu_a.o(.text)
    OS_CPU_PendSVHandler                     0x08003eb3   Thumb Code     0  os_cpu_a.o(.text)
    atoi                                     0x08003f15   Thumb Code    26  atoi.o(.text)
    __aeabi_uidiv                            0x08003f2f   Thumb Code     0  uidiv.o(.text)
    __aeabi_uidivmod                         0x08003f2f   Thumb Code    44  uidiv.o(.text)
    strtol                                   0x08003f5b   Thumb Code   112  strtol.o(.text)
    __scatterload                            0x08003fcd   Thumb Code    28  init.o(.text)
    __scatterload_rt2                        0x08003fcd   Thumb Code     0  init.o(.text)
    __rt_ctype_table                         0x08003ff1   Thumb Code     4  ctype_o.o(.text)
    _strtoul                                 0x08003ff9   Thumb Code   158  _strtoul.o(.text)
    _chval                                   0x08004097   Thumb Code    28  _chval.o(.text)
    __0printf$1                              0x080040b5   Thumb Code    22  printf1.o(i.__0printf$1)
    __1printf$1                              0x080040b5   Thumb Code     0  printf1.o(i.__0printf$1)
    __2printf                                0x080040b5   Thumb Code     0  printf1.o(i.__0printf$1)
    __aeabi_errno_addr                       0x080040d5   Thumb Code     4  errno.o(i.__aeabi_errno_addr)
    __rt_errno_addr                          0x080040d5   Thumb Code     0  errno.o(i.__aeabi_errno_addr)
    __scatterload_copy                       0x080040dd   Thumb Code    14  handlers.o(i.__scatterload_copy)
    __scatterload_null                       0x080040eb   Thumb Code     2  handlers.o(i.__scatterload_null)
    __scatterload_zeroinit                   0x080040ed   Thumb Code    14  handlers.o(i.__scatterload_zeroinit)
    OSUnMapTbl                               0x0800424c   Data         256  os_core.o(.constdata)
    __ctype_table                            0x0800434c   Data         129  ctype_o.o(.constdata)
    Region$$Table$$Base                      0x080043d4   Number         0  anon$$obj.o(Region$$Table)
    Region$$Table$$Limit                     0x080043f4   Number         0  anon$$obj.o(Region$$Table)
    TxBuffer2                                0x20000000   Data           1  main.o(.data)
    RxBuffer2                                0x20000001   Data           1  main.o(.data)
    TxCounter1                               0x20000002   Data           1  main.o(.data)
    TxCounter2                               0x20000004   Data           4  main.o(.data)
    RxCounter1                               0x20000008   Data           4  main.o(.data)
    RxCounter2                               0x2000000c   Data           4  main.o(.data)
    rec_f                                    0x20000010   Data           1  main.o(.data)
    tx_flag                                  0x20000011   Data           1  main.o(.data)
    Rec_Len                                  0x20000014   Data           4  main.o(.data)
    milsec1                                  0x20000018   Data           4  main.o(.data)
    milsec2                                  0x2000001c   Data           4  main.o(.data)
    milsec3                                  0x20000020   Data           4  main.o(.data)
    SystemCoreClock                          0x20000038   Data           4  system_stm32f10x.o(.data)
    AHBPrescTable                            0x2000003c   Data          16  system_stm32f10x.o(.data)
    Com1_MBOX                                0x2000004c   Data           4  app.o(.data)
    OSCtxSwCtr                               0x20000050   Data           4  os_core.o(.data)
    OSEventFreeList                          0x20000054   Data           4  os_core.o(.data)
    OSFlagFreeList                           0x20000058   Data           4  os_core.o(.data)
    OSCPUUsage                               0x2000005c   Data           1  os_core.o(.data)
    OSIdleCtrMax                             0x20000060   Data           4  os_core.o(.data)
    OSIdleCtrRun                             0x20000064   Data           4  os_core.o(.data)
    OSStatRdy                                0x20000068   Data           1  os_core.o(.data)
    OSIntNesting                             0x20000069   Data           1  os_core.o(.data)
    OSLockNesting                            0x2000006a   Data           1  os_core.o(.data)
    OSPrioCur                                0x2000006b   Data           1  os_core.o(.data)
    OSPrioHighRdy                            0x2000006c   Data           1  os_core.o(.data)
    OSRdyGrp                                 0x2000006d   Data           1  os_core.o(.data)
    OSRdyTbl                                 0x2000006e   Data           4  os_core.o(.data)
    OSRunning                                0x20000072   Data           1  os_core.o(.data)
    OSTaskCtr                                0x20000073   Data           1  os_core.o(.data)
    OSIdleCtr                                0x20000074   Data           4  os_core.o(.data)
    OSTCBCur                                 0x20000078   Data           4  os_core.o(.data)
    OSTCBFreeList                            0x2000007c   Data           4  os_core.o(.data)
    OSTCBHighRdy                             0x20000080   Data           4  os_core.o(.data)
    OSTCBList                                0x20000084   Data           4  os_core.o(.data)
    OSTickStepState                          0x20000088   Data           1  os_core.o(.data)
    OSMemFreeList                            0x2000008c   Data           4  os_core.o(.data)
    OSQFreeList                              0x20000090   Data           4  os_core.o(.data)
    OSTime                                   0x20000094   Data           4  os_core.o(.data)
    __stdout                                 0x20000098   Data           4  stdout.o(.data)
    TxBuffer1                                0x200000a0   Data         400  main.o(.bss)
    RxBuffer1                                0x20000230   Data         400  main.o(.bss)
    startup_task_stk                         0x200003c0   Data         320  main.o(.bss)
    task_led2_stk                            0x20000500   Data         320  app.o(.bss)
    task_led3_stk                            0x20000640   Data         320  app.o(.bss)
    task_Serial_stk                          0x20000780   Data         320  app.o(.bss)
    task_com_stk                             0x200008c0   Data         320  app.o(.bss)
    OSEventTbl                               0x20000a00   Data         320  os_core.o(.bss)
    OSFlagTbl                                0x20000b40   Data         140  os_core.o(.bss)
    OSTaskStatStk                            0x20000bcc   Data         512  os_core.o(.bss)
    OSTaskIdleStk                            0x20000dcc   Data         512  os_core.o(.bss)
    OSTCBPrioTbl                             0x20000fcc   Data         128  os_core.o(.bss)
    OSTCBTbl                                 0x2000104c   Data        1584  os_core.o(.bss)
    OSMemTbl                                 0x2000167c   Data         180  os_core.o(.bss)
    OSQTbl                                   0x20001730   Data          96  os_core.o(.bss)
    __initial_sp                             0x20001b90   Data           0  startup_stm32f10x_hd.o(STACK)



==============================================================================

Memory Map of the image

  Image Entry point : 0x08000145

  Load Region LR_1 (Base: 0x08000000, Size: 0x00004494, Max: 0xffffffff, ABSOLUTE)

    Execution Region ER_RO (Base: 0x08000000, Size: 0x000043f4, Max: 0xffffffff, ABSOLUTE)

    Base Addr    Size         Type   Attr      Idx    E Section Name        Object

    0x08000000   0x00000130   Data   RO            3    RESET               startup_stm32f10x_hd.o
    0x08000130   0x00000000   Code   RO          521  * .ARM.Collect$$$$00000000  mc_w.l(entry.o)
    0x08000130   0x00000004   Code   RO          787    .ARM.Collect$$$$00000001  mc_w.l(entry2.o)
    0x08000134   0x00000004   Code   RO          790    .ARM.Collect$$$$00000004  mc_w.l(entry5.o)
    0x08000138   0x00000000   Code   RO          792    .ARM.Collect$$$$00000008  mc_w.l(entry7b.o)
    0x08000138   0x00000008   Code   RO          793    .ARM.Collect$$$$00000009  mc_w.l(entry8.o)
    0x08000140   0x00000004   Code   RO          788    .ARM.Collect$$$$00002712  mc_w.l(entry2.o)
    0x08000144   0x00000024   Code   RO            4  * .text               startup_stm32f10x_hd.o
    0x08000168   0x00000044   Code   RO           10    .text               main.o
    0x080001ac   0x00000100   Code   RO          151    .text               stm32f10x_it.o
    0x080002ac   0x00000358   Code   RO          178    .text               stm32f10x_gpio.o
    0x08000604   0x000003a0   Code   RO          212    .text               stm32f10x_rcc.o
    0x080009a4   0x00000430   Code   RO          226    .text               stm32f10x_usart.o
    0x08000dd4   0x000000dc   Code   RO          238    .text               misc.o
    0x08000eb0   0x000001c8   Code   RO          260    .text               system_stm32f10x.o
    0x08001078   0x00000090   Code   RO          297    .text               bsp.o
    0x08001108   0x00000034   Code   RO          324    .text               led.o
    0x0800113c   0x0000009c   Code   RO          336    .text               usart1.o
    0x080011d8   0x00000200   Code   RO          348    .text               app.o
    0x080013d8   0x000009c4   Code   RO          364    .text               os_core.o
    0x08001d9c   0x000008c8   Code   RO          384    .text               os_flag.o
    0x08002664   0x0000044a   Code   RO          400    .text               os_mbox.o
    0x08002aae   0x00000002   PAD
    0x08002ab0   0x00000288   Code   RO          412    .text               os_mem.o
    0x08002d38   0x00000660   Code   RO          436    .text               os_q.o
    0x08003398   0x00000834   Code   RO          460    .text               os_task.o
    0x08003bcc   0x000001f8   Code   RO          472    .text               os_time.o
    0x08003dc4   0x000000ac   Code   RO          490    .text               os_cpu_c.o
    0x08003e70   0x000000a4   Code   RO          518    .text               os_cpu_a.o
    0x08003f14   0x0000001a   Code   RO          785    .text               mc_w.l(atoi.o)
    0x08003f2e   0x0000002c   Code   RO          795    .text               mc_w.l(uidiv.o)
    0x08003f5a   0x00000070   Code   RO          806    .text               mc_w.l(strtol.o)
    0x08003fca   0x00000002   PAD
    0x08003fcc   0x00000024   Code   RO          819    .text               mc_w.l(init.o)
    0x08003ff0   0x00000008   Code   RO          827    .text               mc_w.l(ctype_o.o)
    0x08003ff8   0x0000009e   Code   RO          855    .text               mc_w.l(_strtoul.o)
    0x08004096   0x0000001c   Code   RO          859    .text               mc_w.l(_chval.o)
    0x080040b2   0x00000002   PAD
    0x080040b4   0x00000020   Code   RO          569    i.__0printf$1       mc_w.l(printf1.o)
    0x080040d4   0x00000008   Code   RO          799    i.__aeabi_errno_addr  mc_w.l(errno.o)
    0x080040dc   0x0000000e   Code   RO          863    i.__scatterload_copy  mc_w.l(handlers.o)
    0x080040ea   0x00000002   Code   RO          864    i.__scatterload_null  mc_w.l(handlers.o)
    0x080040ec   0x0000000e   Code   RO          865    i.__scatterload_zeroinit  mc_w.l(handlers.o)
    0x080040fa   0x00000002   PAD
    0x080040fc   0x00000150   Code   RO          576    i._printf_core      mc_w.l(printf1.o)
    0x0800424c   0x00000100   Data   RO          366    .constdata          os_core.o
    0x0800434c   0x00000081   Data   RO          828    .constdata          mc_w.l(ctype_o.o)
    0x080043cd   0x00000003   PAD
    0x080043d0   0x00000004   Data   RO          829    .constdata          mc_w.l(ctype_o.o)
    0x080043d4   0x00000020   Data   RO          861    Region$$Table       anon$$obj.o


    Execution Region ER_RW (Base: 0x20000000, Size: 0x000000a0, Max: 0xffffffff, ABSOLUTE)

    Base Addr    Size         Type   Attr      Idx    E Section Name        Object

    0x20000000   0x00000024   Data   RW           12    .data               main.o
    0x20000024   0x00000014   Data   RW          213    .data               stm32f10x_rcc.o
    0x20000038   0x00000014   Data   RW          261    .data               system_stm32f10x.o
    0x2000004c   0x00000004   Data   RW          350    .data               app.o
    0x20000050   0x00000048   Data   RW          367    .data               os_core.o
    0x20000098   0x00000004   Data   RW          794    .data               mc_w.l(stdout.o)
    0x2000009c   0x00000004   Data   RW          802    .data               mc_w.l(errno.o)


    Execution Region ER_ZI (Base: 0x200000a0, Size: 0x00001af0, Max: 0xffffffff, ABSOLUTE)

    Base Addr    Size         Type   Attr      Idx    E Section Name        Object

    0x200000a0   0x00000460   Zero   RW           11    .bss                main.o
    0x20000500   0x00000500   Zero   RW          349    .bss                app.o
    0x20000a00   0x00000d90   Zero   RW          365    .bss                os_core.o
    0x20001790   0x00000400   Zero   RW            1    STACK               startup_stm32f10x_hd.o


==============================================================================

Image component sizes


      Code (inc. data)   RO Data    RW Data    ZI Data      Debug   Object Name

       512        150          0          4       1280       1751   app.o
       144         14          0          0          0      25285   bsp.o
        52          6          0          0          0        426   led.o
        68         20          0         36       1120      29352   main.o
       220         20          0          0          0       1637   misc.o
      2500        240        256         72       3472      17771   os_core.o
       164         32          0          0          0        272   os_cpu_a.o
       172          0          0          0          0      12024   os_cpu_c.o
      2248         40          0          0          0      16607   os_flag.o
      1098         18          0          0          0       4382   os_mbox.o
       648         14          0          0          0       3432   os_mem.o
      1632         28          0          0          0       5865   os_q.o
      2100         64          0          0          0       7153   os_task.o
       504         24          0          0          0       1906   os_time.o
        36          8        304          0       1024        788   startup_stm32f10x_hd.o
       856         40          0          0          0     210197   stm32f10x_gpio.o
       256         26          0          0          0       2708   stm32f10x_it.o
       928         44          0         20          0       8680   stm32f10x_rcc.o
      1072         24          0          0          0       8562   stm32f10x_usart.o
       456         36          0         20          0       1635   system_stm32f10x.o
       156         10          0          0          0        540   usart1.o

    ----------------------------------------------------------------------
     15824        858        592        152       6896     360973   Object Totals
         0          0         32          0          0          0   (incl. Generated)
         2          0          0          0          0          0   (incl. Padding)

    ----------------------------------------------------------------------

      Code (inc. data)   RO Data    RW Data    ZI Data      Debug   Library Member Name

        28          0          0          0          0         68   _chval.o
       158          0          0          0          0         92   _strtoul.o
        26          0          0          0          0         80   atoi.o
         8          4        133          0          0         68   ctype_o.o
         0          0          0          0          0          0   entry.o
         8          4          0          0          0          0   entry2.o
         4          0          0          0          0          0   entry5.o
         0          0          0          0          0          0   entry7b.o
         8          4          0          0          0          0   entry8.o
         8          4          0          4          0         68   errno.o
        30          0          0          0          0          0   handlers.o
        36          8          0          0          0         68   init.o
       368         14          0          0          0        180   printf1.o
         0          0          0          4          0          0   stdout.o
       112          0          0          0          0         88   strtol.o
        44          0          0          0          0         80   uidiv.o

    ----------------------------------------------------------------------
       844         38        136          8          0        792   Library Totals
         6          0          3          0          0          0   (incl. Padding)

    ----------------------------------------------------------------------

      Code (inc. data)   RO Data    RW Data    ZI Data      Debug   Library Name

       838         38        133          8          0        792   mc_w.l

    ----------------------------------------------------------------------
       844         38        136          8          0        792   Library Totals

    ----------------------------------------------------------------------

==============================================================================


      Code (inc. data)   RO Data    RW Data    ZI Data      Debug   

     16668        896        728        160       6896     359893   Grand Totals
     16668        896        728        160       6896     359893   ELF Image Totals
     16668        896        728        160          0          0   ROM Totals

==============================================================================

    Total RO  Size (Code + RO Data)                17396 (  16.99kB)
    Total RW  Size (RW Data + ZI Data)              7056 (   6.89kB)
    Total ROM Size (Code + RO Data + RW Data)      17556 (  17.14kB)

==============================================================================

